Archive member included to satisfy reference by file (symbol)

/usr/lib/gcc/arm-none-eabi/10.3.1/thumb/v7e-m+fp/hard/libgcc.a(_arm_muldf3.o)
                              build/src/pdantler/printf.o (__aeabi_dmul)
/usr/lib/gcc/arm-none-eabi/10.3.1/thumb/v7e-m+fp/hard/libgcc.a(_arm_addsubdf3.o)
                              build/src/pdantler/printf.o (__aeabi_dsub)
/usr/lib/gcc/arm-none-eabi/10.3.1/thumb/v7e-m+fp/hard/libgcc.a(_arm_muldivdf3.o)
                              build/src/pdantler/printf.o (__aeabi_ddiv)
/usr/lib/gcc/arm-none-eabi/10.3.1/thumb/v7e-m+fp/hard/libgcc.a(_arm_cmpdf2.o)
                              build/src/pdantler/printf.o (__aeabi_dcmpeq)
/usr/lib/gcc/arm-none-eabi/10.3.1/thumb/v7e-m+fp/hard/libgcc.a(_arm_fixdfsi.o)
                              build/src/pdantler/printf.o (__aeabi_d2iz)
/usr/lib/gcc/arm-none-eabi/10.3.1/thumb/v7e-m+fp/hard/libgcc.a(_arm_fixunsdfsi.o)
                              build/src/pdantler/printf.o (__aeabi_d2uiz)
/usr/lib/gcc/arm-none-eabi/10.3.1/thumb/v7e-m+fp/hard/libgcc.a(_arm_truncdfsf2.o)
                              build/src/scenes/scene_game.o (__aeabi_d2f)
/usr/lib/gcc/arm-none-eabi/10.3.1/thumb/v7e-m+fp/hard/libgcc.a(_aeabi_uldivmod.o)
                              build/src/pdantler/printf.o (__aeabi_uldivmod)
/usr/lib/gcc/arm-none-eabi/10.3.1/thumb/v7e-m+fp/hard/libgcc.a(_udivmoddi4.o)
                              /usr/lib/gcc/arm-none-eabi/10.3.1/thumb/v7e-m+fp/hard/libgcc.a(_aeabi_uldivmod.o) (__udivmoddi4)
/usr/lib/gcc/arm-none-eabi/10.3.1/thumb/v7e-m+fp/hard/libgcc.a(_dvmd_tls.o)
                              /usr/lib/gcc/arm-none-eabi/10.3.1/thumb/v7e-m+fp/hard/libgcc.a(_aeabi_uldivmod.o) (__aeabi_ldiv0)
/usr/lib/gcc/arm-none-eabi/10.3.1/../../../arm-none-eabi/lib/thumb/v7e-m+fp/hard/libg.a(lib_a-memset.o)
                              build/src/pdantler/main.o (memset)
/usr/lib/gcc/arm-none-eabi/10.3.1/../../../arm-none-eabi/lib/thumb/v7e-m+fp/hard/libg.a(lib_a-rand.o)
                              build/src/scenes/scene_game.o (srand)
/usr/lib/gcc/arm-none-eabi/10.3.1/../../../arm-none-eabi/lib/thumb/v7e-m+fp/hard/libg.a(lib_a-strlen.o)
                              build/src/scenes/scene_game.o (strlen)
/usr/lib/gcc/arm-none-eabi/10.3.1/../../../arm-none-eabi/lib/thumb/v7e-m+fp/hard/libg.a(lib_a-impure.o)
                              /usr/lib/gcc/arm-none-eabi/10.3.1/../../../arm-none-eabi/lib/thumb/v7e-m+fp/hard/libg.a(lib_a-rand.o) (_impure_ptr)
/usr/lib/gcc/arm-none-eabi/10.3.1/../../../arm-none-eabi/lib/thumb/v7e-m+fp/hard/libm.a(lib_a-w_sqrt.o)
                              build/src/scenes/scene_game.o (sqrt)
/usr/lib/gcc/arm-none-eabi/10.3.1/../../../arm-none-eabi/lib/thumb/v7e-m+fp/hard/libm.a(lib_a-e_sqrt.o)
                              /usr/lib/gcc/arm-none-eabi/10.3.1/../../../arm-none-eabi/lib/thumb/v7e-m+fp/hard/libm.a(lib_a-w_sqrt.o) (__ieee754_sqrt)
/usr/lib/gcc/arm-none-eabi/10.3.1/../../../arm-none-eabi/lib/thumb/v7e-m+fp/hard/libm.a(lib_a-s_lib_ver.o)
                              /usr/lib/gcc/arm-none-eabi/10.3.1/../../../arm-none-eabi/lib/thumb/v7e-m+fp/hard/libm.a(lib_a-w_sqrt.o) (__fdlib_version)
/usr/lib/gcc/arm-none-eabi/10.3.1/thumb/v7e-m+fp/hard/libgcc.a(_arm_unorddf2.o)
                              /usr/lib/gcc/arm-none-eabi/10.3.1/../../../arm-none-eabi/lib/thumb/v7e-m+fp/hard/libm.a(lib_a-w_sqrt.o) (__aeabi_dcmpun)
/usr/lib/gcc/arm-none-eabi/10.3.1/../../../arm-none-eabi/lib/thumb/v7e-m+fp/hard/libc.a(lib_a-errno.o)
                              /usr/lib/gcc/arm-none-eabi/10.3.1/../../../arm-none-eabi/lib/thumb/v7e-m+fp/hard/libm.a(lib_a-w_sqrt.o) (__errno)

Discarded input sections

 .group         0x0000000000000000        0xc build/src/pdantler/main.o
 .group         0x0000000000000000        0xc build/src/pdantler/main.o
 .group         0x0000000000000000        0xc build/src/pdantler/main.o
 .group         0x0000000000000000        0xc build/src/pdantler/main.o
 .group         0x0000000000000000        0xc build/src/pdantler/main.o
 .group         0x0000000000000000        0xc build/src/pdantler/main.o
 .group         0x0000000000000000        0xc build/src/pdantler/main.o
 .group         0x0000000000000000        0xc build/src/pdantler/main.o
 .group         0x0000000000000000        0xc build/src/pdantler/main.o
 .group         0x0000000000000000        0xc build/src/pdantler/main.o
 .group         0x0000000000000000        0xc build/src/pdantler/main.o
 .group         0x0000000000000000        0xc build/src/pdantler/main.o
 .group         0x0000000000000000        0xc build/src/pdantler/main.o
 .group         0x0000000000000000        0xc build/src/pdantler/main.o
 .group         0x0000000000000000        0xc build/src/pdantler/main.o
 .group         0x0000000000000000        0xc build/src/pdantler/main.o
 .group         0x0000000000000000        0xc build/src/pdantler/main.o
 .group         0x0000000000000000        0xc build/src/pdantler/main.o
[...]
Memory Configuration

Name             Origin             Length             Attributes
*default*        0x0000000000000000 0xffffffffffffffff

Linker script and memory map

LOAD build/src/pdantler/main.o
LOAD build/src/pdantler/lifecycle.o
LOAD build/src/pdantler/utils.o
LOAD build/src/pdantler/pdlogger.o
LOAD build/src/pdantler/printf.o
LOAD build/src/pdantler/mooselib.o
LOAD build/src/scenes/scene_splash.o
LOAD build/src/scenes/scene_game.o
LOAD build//home/mchristensen/src/PlaydateSDK-2.2.0/C_API/buildsupport/setup.o
START GROUP
LOAD /usr/lib/gcc/arm-none-eabi/10.3.1/thumb/v7e-m+fp/hard/libgcc.a
LOAD /usr/lib/gcc/arm-none-eabi/10.3.1/../../../arm-none-eabi/lib/thumb/v7e-m+fp/hard/libg.a
LOAD /usr/lib/gcc/arm-none-eabi/10.3.1/../../../arm-none-eabi/lib/thumb/v7e-m+fp/hard/libc.a
END GROUP
START GROUP
LOAD /usr/lib/gcc/arm-none-eabi/10.3.1/thumb/v7e-m+fp/hard/libgcc.a
LOAD /usr/lib/gcc/arm-none-eabi/10.3.1/../../../arm-none-eabi/lib/thumb/v7e-m+fp/hard/libc.a
LOAD /usr/lib/gcc/arm-none-eabi/10.3.1/../../../arm-none-eabi/lib/thumb/v7e-m+fp/hard/libm.a
END GROUP

.text           0x0000000000000000     0x4a84
 *(.text)
 .text          0x0000000000000000      0x378 /usr/lib/gcc/arm-none-eabi/10.3.1/thumb/v7e-m+fp/hard/libgcc.a(_arm_addsubdf3.o)
                0x0000000000000000                __aeabi_drsub
                0x0000000000000008                __aeabi_dsub
                0x0000000000000008                __subdf3
                0x000000000000000c                __adddf3
                0x000000000000000c                __aeabi_dadd
                0x0000000000000284                __aeabi_ui2d
                0x0000000000000284                __floatunsidf
                0x00000000000002a4                __floatsidf
                0x00000000000002a4                __aeabi_i2d
                0x00000000000002c8                __extendsfdf2
                0x00000000000002c8                __aeabi_f2d
                0x000000000000030c                __aeabi_ul2d
                0x000000000000030c                __floatundidf
                0x000000000000031c                __floatdidf
                0x000000000000031c                __aeabi_l2d
 .text          0x0000000000000378      0x424 /usr/lib/gcc/arm-none-eabi/10.3.1/thumb/v7e-m+fp/hard/libgcc.a(_arm_muldivdf3.o)
                0x0000000000000378                __aeabi_dmul
                0x0000000000000378                __muldf3
                0x00000000000005cc                __aeabi_ddiv
                0x00000000000005cc                __divdf3
 .text          0x000000000000079c      0x110 /usr/lib/gcc/arm-none-eabi/10.3.1/thumb/v7e-m+fp/hard/libgcc.a(_arm_cmpdf2.o)
                0x000000000000079c                __gtdf2
                0x000000000000079c                __gedf2
                0x00000000000007a4                __ltdf2
                0x00000000000007a4                __ledf2
                0x00000000000007ac                __cmpdf2
                0x00000000000007ac                __eqdf2
                0x00000000000007ac                __nedf2
                0x0000000000000828                __aeabi_cdrcmple
                0x0000000000000838                __aeabi_cdcmple
                0x0000000000000838                __aeabi_cdcmpeq
                0x0000000000000848                __aeabi_dcmpeq
                0x000000000000085c                __aeabi_dcmplt
                0x0000000000000870                __aeabi_dcmple
                0x0000000000000884                __aeabi_dcmpge
                0x0000000000000898                __aeabi_dcmpgt
 .text          0x00000000000008ac       0x50 /usr/lib/gcc/arm-none-eabi/10.3.1/thumb/v7e-m+fp/hard/libgcc.a(_arm_fixdfsi.o)
                0x00000000000008ac                __fixdfsi
                0x00000000000008ac                __aeabi_d2iz
 .text          0x00000000000008fc       0x40 /usr/lib/gcc/arm-none-eabi/10.3.1/thumb/v7e-m+fp/hard/libgcc.a(_arm_fixunsdfsi.o)
                0x00000000000008fc                __fixunsdfsi
                0x00000000000008fc                __aeabi_d2uiz
 .text          0x000000000000093c       0xa0 /usr/lib/gcc/arm-none-eabi/10.3.1/thumb/v7e-m+fp/hard/libgcc.a(_arm_truncdfsf2.o)
                0x000000000000093c                __aeabi_d2f
                0x000000000000093c                __truncdfsf2
 .text          0x00000000000009dc       0x30 /usr/lib/gcc/arm-none-eabi/10.3.1/thumb/v7e-m+fp/hard/libgcc.a(_aeabi_uldivmod.o)
                0x00000000000009dc                __aeabi_uldivmod
 .text          0x0000000000000a0c      0x2d0 /usr/lib/gcc/arm-none-eabi/10.3.1/thumb/v7e-m+fp/hard/libgcc.a(_udivmoddi4.o)
                0x0000000000000a0c                __udivmoddi4
 .text          0x0000000000000cdc        0x4 /usr/lib/gcc/arm-none-eabi/10.3.1/thumb/v7e-m+fp/hard/libgcc.a(_dvmd_tls.o)
                0x0000000000000cdc                __aeabi_ldiv0
                0x0000000000000cdc                __aeabi_idiv0
 .text          0x0000000000000ce0       0xa4 /usr/lib/gcc/arm-none-eabi/10.3.1/../../../arm-none-eabi/lib/thumb/v7e-m+fp/hard/libg.a(lib_a-memset.o)
                0x0000000000000ce0                memset
 .text          0x0000000000000d84       0x4c /usr/lib/gcc/arm-none-eabi/10.3.1/../../../arm-none-eabi/lib/thumb/v7e-m+fp/hard/libg.a(lib_a-rand.o)
                0x0000000000000d84                srand
                0x0000000000000d94                rand
 *fill*         0x0000000000000dd0       0x30 
 .text          0x0000000000000e00       0xdc /usr/lib/gcc/arm-none-eabi/10.3.1/../../../arm-none-eabi/lib/thumb/v7e-m+fp/hard/libg.a(lib_a-strlen.o)
                0x0000000000000e00                strlen
 .text          0x0000000000000edc       0x74 /usr/lib/gcc/arm-none-eabi/10.3.1/../../../arm-none-eabi/lib/thumb/v7e-m+fp/hard/libm.a(lib_a-w_sqrt.o)
                0x0000000000000edc                sqrt
 .text          0x0000000000000f50      0x198 /usr/lib/gcc/arm-none-eabi/10.3.1/../../../arm-none-eabi/lib/thumb/v7e-m+fp/hard/libm.a(lib_a-e_sqrt.o)
                0x0000000000000f50                __ieee754_sqrt
 .text          0x00000000000010e8       0x2c /usr/lib/gcc/arm-none-eabi/10.3.1/thumb/v7e-m+fp/hard/libgcc.a(_arm_unorddf2.o)
                0x00000000000010e8                __aeabi_dcmpun
                0x00000000000010e8                __unorddf2
 .text          0x0000000000001114        0xc /usr/lib/gcc/arm-none-eabi/10.3.1/../../../arm-none-eabi/lib/thumb/v7e-m+fp/hard/libc.a(lib_a-errno.o)
                0x0000000000001114                __errno
 *(.text.*)
 .text.pd_appender
                0x0000000000001120        0x8 build/src/pdantler/main.o
                0x0000000000001120                pd_appender
 *fill*         0x0000000000001128        0x8 
 .text.update   0x0000000000001130       0x6c build/src/pdantler/main.o
 *fill*         0x000000000000119c        0x4 
 .text.eventHandler
                0x00000000000011a0       0x74 build/src/pdantler/main.o
                0x00000000000011a0                eventHandler
 *fill*         0x0000000000001214        0xc 
 .text.pdantler_switch_to_scene
                0x0000000000001220      0x1e8 build/src/pdantler/lifecycle.o
                0x0000000000001220                pdantler_switch_to_scene
 *fill*         0x0000000000001408        0x8 
 .text.lifecycle_init_game
                0x0000000000001410      0x5c0 build/src/pdantler/lifecycle.o
                0x0000000000001410                lifecycle_init_game
 .text.pdantler_debounce_input
                0x00000000000019d0       0x50 build/src/pdantler/utils.o
                0x00000000000019d0                pdantler_debounce_input
 .text.pdlogger_register_appender
                0x0000000000001a20        0xc build/src/pdantler/pdlogger.o
                0x0000000000001a20                pdlogger_register_appender
 *fill*         0x0000000000001a2c        0x4 
 .text.pdlogger_info
                0x0000000000001a30       0x50 build/src/pdantler/pdlogger.o
                0x0000000000001a30                pdlogger_info
 .text.pdlogger_error
                0x0000000000001a80       0x58 build/src/pdantler/pdlogger.o
                0x0000000000001a80                pdlogger_error
 *fill*         0x0000000000001ad8        0x8 
 .text._out_buffer
                0x0000000000001ae0        0x8 build/src/pdantler/printf.o
 *fill*         0x0000000000001ae8        0x8 
 .text._out_null
                0x0000000000001af0        0x4 build/src/pdantler/printf.o
 *fill*         0x0000000000001af4        0xc 
 .text._out_rev
                0x0000000000001b00       0x88 build/src/pdantler/printf.o
 *fill*         0x0000000000001b88        0x8 
 .text._ntoa_format
                0x0000000000001b90      0x1d0 build/src/pdantler/printf.o
 .text._ntoa_long
                0x0000000000001d60       0x98 build/src/pdantler/printf.o
 *fill*         0x0000000000001df8        0x8 
 .text._ntoa_long_long
                0x0000000000001e00       0xc8 build/src/pdantler/printf.o
 *fill*         0x0000000000001ec8        0x8 
 .text._etoa    0x0000000000001ed0      0x464 build/src/pdantler/printf.o
 *fill*         0x0000000000002334        0xc 
 .text._ftoa    0x0000000000002340      0x420 build/src/pdantler/printf.o
 .text._vsnprintf
                0x0000000000002760      0x66c build/src/pdantler/printf.o
 *fill*         0x0000000000002dcc        0x4 
 .text.snprintf_
                0x0000000000002dd0       0x2c build/src/pdantler/printf.o
                0x0000000000002dd0                snprintf_
 *fill*         0x0000000000002dfc        0x4 
 .text.vsnprintf_
                0x0000000000002e00       0x20 build/src/pdantler/printf.o
                0x0000000000002e00                vsnprintf_
 .text.init_splash
                0x0000000000002e20        0x4 build/src/scenes/scene_splash.o
                0x0000000000002e20                init_splash
 *fill*         0x0000000000002e24        0xc 
 .text.tick_splash
                0x0000000000002e30        0xc build/src/scenes/scene_splash.o
                0x0000000000002e30                tick_splash
 *fill*         0x0000000000002e3c        0x4 
 .text.enter_splash
                0x0000000000002e40        0x4 build/src/scenes/scene_splash.o
                0x0000000000002e40                enter_splash
 *fill*         0x0000000000002e44        0xc 
 .text.exit_splash
                0x0000000000002e50        0x4 build/src/scenes/scene_splash.o
                0x0000000000002e50                exit_splash
 *fill*         0x0000000000002e54        0xc 
 .text.move_player
                0x0000000000002e60       0x5c build/src/scenes/scene_game.o
 *fill*         0x0000000000002ebc        0x4 
 .text.new_joke
                0x0000000000002ec0       0xf4 build/src/scenes/scene_game.o
 *fill*         0x0000000000002fb4        0xc 
 .text.kill_player
                0x0000000000002fc0       0x2c build/src/scenes/scene_game.o
 *fill*         0x0000000000002fec        0x4 
 .text.init_game
                0x0000000000002ff0      0x200 build/src/scenes/scene_game.o
                0x0000000000002ff0                init_game
 .text.tick_game
                0x00000000000031f0      0x808 build/src/scenes/scene_game.o
                0x00000000000031f0                tick_game
 *fill*         0x00000000000039f8        0x8 
 .text.enter_game
                0x0000000000003a00       0x1c build/src/scenes/scene_game.o
                0x0000000000003a00                enter_game
 *fill*         0x0000000000003a1c        0x4 
 .text.exit_game
                0x0000000000003a20        0x4 build/src/scenes/scene_game.o
                0x0000000000003a20                exit_game
 *fill*         0x0000000000003a24        0xc 
 .text.eventHandlerShim
                0x0000000000003a30       0x1c build//home/mchristensen/src/PlaydateSDK-2.2.0/C_API/buildsupport/setup.o
                0x0000000000003a30                eventHandlerShim
 *(.init)
 *(.fini)
 *crtbegin.o(.ctors)
 *crtbegin?.o(.ctors)
 *(EXCLUDE_FILE(*crtend.o *crtend?.o) .ctors)
 *(SORT_BY_NAME(.ctors.*))
 *(.ctors)
 *crtbegin.o(.dtors)
 *crtbegin?.o(.dtors)
 *(EXCLUDE_FILE(*crtend.o *crtend?.o) .dtors)
 *(SORT_BY_NAME(.dtors.*))
 *(.dtors)
 *(.rodata*)
 .rodata.update.str1.4
                0x0000000000003a4c       0x23 build/src/pdantler/main.o
 *fill*         0x0000000000003a6f        0x1 
 .rodata.eventHandler.str1.4
                0x0000000000003a70       0x4c build/src/pdantler/main.o
 .rodata.pdantler_switch_to_scene.str1.4
                0x0000000000003abc      0x408 build/src/pdantler/lifecycle.o
 .rodata.lifecycle_init_game.str1.4
                0x0000000000003ec4      0x601 build/src/pdantler/lifecycle.o
 *fill*         0x00000000000044c5        0x3 
 .rodata        0x00000000000044c8      0x320 build/src/pdantler/pdlogger.o
 .rodata._ftoa.str1.4
                0x00000000000047e8       0x15 build/src/pdantler/printf.o
 *fill*         0x00000000000047fd        0x3 
 .rodata.pow10.0
                0x0000000000004800       0x50 build/src/pdantler/printf.o
 .rodata.init_game.str1.4
                0x0000000000004850      0x234 build/src/scenes/scene_game.o
 *(.eh_frame*)

.glue_7         0x0000000000004a84        0x0
 .glue_7        0x0000000000004a84        0x0 linker stubs

.glue_7t        0x0000000000004a84        0x0
 .glue_7t       0x0000000000004a84        0x0 linker stubs

.vfp11_veneer   0x0000000000004a84        0x0
 .vfp11_veneer  0x0000000000004a84        0x0 linker stubs

.v4_bx          0x0000000000004a84        0x0
 .v4_bx         0x0000000000004a84        0x0 linker stubs

.iplt           0x0000000000004a84        0x0
 .iplt          0x0000000000004a84        0x0 build/src/pdantler/main.o

.rel.dyn        0x0000000000004a84        0x0
 .rel.iplt      0x0000000000004a84        0x0 build/src/pdantler/main.o

.data           0x0000000000004a88      0x434
                0x0000000000004a88                __etext = .
                0x0000000000004a88                __data_start__ = .
 *(vtable)
 *(.data*)
 .data          0x0000000000004a88      0x430 /usr/lib/gcc/arm-none-eabi/10.3.1/../../../arm-none-eabi/lib/thumb/v7e-m+fp/hard/libg.a(lib_a-impure.o)
                0x0000000000004a88                _impure_ptr
 .data          0x0000000000004eb8        0x1 /usr/lib/gcc/arm-none-eabi/10.3.1/../../../arm-none-eabi/lib/thumb/v7e-m+fp/hard/libm.a(lib_a-s_lib_ver.o)
                0x0000000000004eb8                __fdlib_version
                0x0000000000004ebc                . = ALIGN (0x4)
 *fill*         0x0000000000004eb9        0x3 
                [!provide]                        PROVIDE (__preinit_array_start = .)
 *(.preinit_array)
                [!provide]                        PROVIDE (__preinit_array_end = .)
                0x0000000000004ebc                . = ALIGN (0x4)
                [!provide]                        PROVIDE (__init_array_start = .)
 *(SORT_BY_NAME(.init_array.*))
 *(.init_array)
                [!provide]                        PROVIDE (__init_array_end = .)
                0x0000000000004ebc                . = ALIGN (0x4)
                [!provide]                        PROVIDE (__fini_array_start = .)
 *(SORT_BY_NAME(.fini_array.*))
 *(.fini_array)
                [!provide]                        PROVIDE (__fini_array_end = .)
                0x0000000000004ebc                . = ALIGN (0x4)
                0x0000000000004ebc                __data_end__ = .

.igot.plt       0x0000000000004ebc        0x0
 .igot.plt      0x0000000000004ebc        0x0 build/src/pdantler/main.o

.bss            0x0000000000004ebc        0xc
                0x0000000000004ebc                . = ALIGN (0x4)
                0x0000000000004ebc                __bss_start__ = .
 *(.bss*)
 .bss.logger    0x0000000000004ebc        0x8 build/src/pdantler/pdlogger.o
 .bss.pdrealloc
                0x0000000000004ec4        0x4 build//home/mchristensen/src/PlaydateSDK-2.2.0/C_API/buildsupport/setup.o
 *(COMMON)
 *(COM)
                0x0000000000004ec8                . = ALIGN (0x4)
                0x0000000000004ec8                __bss_end__ = .

/DISCARD/
 *(.ARM.exidx)
OUTPUT(build/pdex.elf elf32-littlearm)
LOAD linker stubs

.debug_info     0x0000000000000000    0x2aacd
 .debug_info    0x0000000000000000     0x5ff8 build/src/pdantler/main.o
 .debug_info    0x0000000000005ff8     0x6d00 build/src/pdantler/lifecycle.o
 .debug_info    0x000000000000ccf8     0x5c84 build/src/pdantler/utils.o
 .debug_info    0x000000000001297c      0x2e6 build/src/pdantler/pdlogger.o
 .debug_info    0x0000000000012c62     0x1b79 build/src/pdantler/printf.o
 .debug_info    0x00000000000147db     0x5bb7 build/src/scenes/scene_splash.o
 .debug_info    0x000000000001a392     0x79d5 build/src/scenes/scene_game.o
 .debug_info    0x0000000000021d67     0x631a build//home/mchristensen/src/PlaydateSDK-2.2.0/C_API/buildsupport/setup.o
 .debug_info    0x0000000000028081       0x26 /usr/lib/gcc/arm-none-eabi/10.3.1/thumb/v7e-m+fp/hard/libgcc.a(_arm_addsubdf3.o)
 .debug_info    0x00000000000280a7       0x26 /usr/lib/gcc/arm-none-eabi/10.3.1/thumb/v7e-m+fp/hard/libgcc.a(_arm_muldivdf3.o)
 .debug_info    0x00000000000280cd       0x26 /usr/lib/gcc/arm-none-eabi/10.3.1/thumb/v7e-m+fp/hard/libgcc.a(_arm_cmpdf2.o)
 .debug_info    0x00000000000280f3       0x26 /usr/lib/gcc/arm-none-eabi/10.3.1/thumb/v7e-m+fp/hard/libgcc.a(_arm_fixdfsi.o)
 .debug_info    0x0000000000028119       0x26 /usr/lib/gcc/arm-none-eabi/10.3.1/thumb/v7e-m+fp/hard/libgcc.a(_arm_fixunsdfsi.o)
 .debug_info    0x000000000002813f       0x26 /usr/lib/gcc/arm-none-eabi/10.3.1/thumb/v7e-m+fp/hard/libgcc.a(_arm_truncdfsf2.o)
 .debug_info    0x0000000000028165       0x26 /usr/lib/gcc/arm-none-eabi/10.3.1/thumb/v7e-m+fp/hard/libgcc.a(_aeabi_uldivmod.o)
 .debug_info    0x000000000002818b      0x717 /usr/lib/gcc/arm-none-eabi/10.3.1/thumb/v7e-m+fp/hard/libgcc.a(_udivmoddi4.o)
 .debug_info    0x00000000000288a2       0x26 /usr/lib/gcc/arm-none-eabi/10.3.1/thumb/v7e-m+fp/hard/libgcc.a(_dvmd_tls.o)
 .debug_info    0x00000000000288c8      0x137 /usr/lib/gcc/arm-none-eabi/10.3.1/../../../arm-none-eabi/lib/thumb/v7e-m+fp/hard/libg.a(lib_a-memset.o)
 .debug_info    0x00000000000289ff      0x95c /usr/lib/gcc/arm-none-eabi/10.3.1/../../../arm-none-eabi/lib/thumb/v7e-m+fp/hard/libg.a(lib_a-rand.o)
 .debug_info    0x000000000002935b       0x26 /usr/lib/gcc/arm-none-eabi/10.3.1/../../../arm-none-eabi/lib/thumb/v7e-m+fp/hard/libg.a(lib_a-strlen.o)
 .debug_info    0x0000000000029381      0x92a /usr/lib/gcc/arm-none-eabi/10.3.1/../../../arm-none-eabi/lib/thumb/v7e-m+fp/hard/libg.a(lib_a-impure.o)
 .debug_info    0x0000000000029cab      0x167 /usr/lib/gcc/arm-none-eabi/10.3.1/../../../arm-none-eabi/lib/thumb/v7e-m+fp/hard/libm.a(lib_a-w_sqrt.o)
 .debug_info    0x0000000000029e12      0x2c6 /usr/lib/gcc/arm-none-eabi/10.3.1/../../../arm-none-eabi/lib/thumb/v7e-m+fp/hard/libm.a(lib_a-e_sqrt.o)
 .debug_info    0x000000000002a0d8       0xbb /usr/lib/gcc/arm-none-eabi/10.3.1/../../../arm-none-eabi/lib/thumb/v7e-m+fp/hard/libm.a(lib_a-s_lib_ver.o)
 .debug_info    0x000000000002a193       0x26 /usr/lib/gcc/arm-none-eabi/10.3.1/thumb/v7e-m+fp/hard/libgcc.a(_arm_unorddf2.o)
 .debug_info    0x000000000002a1b9      0x914 /usr/lib/gcc/arm-none-eabi/10.3.1/../../../arm-none-eabi/lib/thumb/v7e-m+fp/hard/libc.a(lib_a-errno.o)

.debug_abbrev   0x0000000000000000     0x24ad
 .debug_abbrev  0x0000000000000000      0x349 build/src/pdantler/main.o
 .debug_abbrev  0x0000000000000349      0x39a build/src/pdantler/lifecycle.o
 .debug_abbrev  0x00000000000006e3      0x2e2 build/src/pdantler/utils.o
 .debug_abbrev  0x00000000000009c5      0x181 build/src/pdantler/pdlogger.o
 .debug_abbrev  0x0000000000000b46      0x3e7 build/src/pdantler/printf.o
 .debug_abbrev  0x0000000000000f2d      0x26f build/src/scenes/scene_splash.o
 .debug_abbrev  0x000000000000119c      0x529 build/src/scenes/scene_game.o
 .debug_abbrev  0x00000000000016c5      0x2e2 build//home/mchristensen/src/PlaydateSDK-2.2.0/C_API/buildsupport/setup.o
 .debug_abbrev  0x00000000000019a7       0x14 /usr/lib/gcc/arm-none-eabi/10.3.1/thumb/v7e-m+fp/hard/libgcc.a(_arm_addsubdf3.o)
 .debug_abbrev  0x00000000000019bb       0x14 /usr/lib/gcc/arm-none-eabi/10.3.1/thumb/v7e-m+fp/hard/libgcc.a(_arm_muldivdf3.o)
 .debug_abbrev  0x00000000000019cf       0x14 /usr/lib/gcc/arm-none-eabi/10.3.1/thumb/v7e-m+fp/hard/libgcc.a(_arm_cmpdf2.o)
 .debug_abbrev  0x00000000000019e3       0x14 /usr/lib/gcc/arm-none-eabi/10.3.1/thumb/v7e-m+fp/hard/libgcc.a(_arm_fixdfsi.o)
 .debug_abbrev  0x00000000000019f7       0x14 /usr/lib/gcc/arm-none-eabi/10.3.1/thumb/v7e-m+fp/hard/libgcc.a(_arm_fixunsdfsi.o)
 .debug_abbrev  0x0000000000001a0b       0x14 /usr/lib/gcc/arm-none-eabi/10.3.1/thumb/v7e-m+fp/hard/libgcc.a(_arm_truncdfsf2.o)
 .debug_abbrev  0x0000000000001a1f       0x14 /usr/lib/gcc/arm-none-eabi/10.3.1/thumb/v7e-m+fp/hard/libgcc.a(_aeabi_uldivmod.o)
 .debug_abbrev  0x0000000000001a33      0x163 /usr/lib/gcc/arm-none-eabi/10.3.1/thumb/v7e-m+fp/hard/libgcc.a(_udivmoddi4.o)
 .debug_abbrev  0x0000000000001b96       0x14 /usr/lib/gcc/arm-none-eabi/10.3.1/thumb/v7e-m+fp/hard/libgcc.a(_dvmd_tls.o)
 .debug_abbrev  0x0000000000001baa       0xb4 /usr/lib/gcc/arm-none-eabi/10.3.1/../../../arm-none-eabi/lib/thumb/v7e-m+fp/hard/libg.a(lib_a-memset.o)
 .debug_abbrev  0x0000000000001c5e      0x1ff /usr/lib/gcc/arm-none-eabi/10.3.1/../../../arm-none-eabi/lib/thumb/v7e-m+fp/hard/libg.a(lib_a-rand.o)
 .debug_abbrev  0x0000000000001e5d       0x14 /usr/lib/gcc/arm-none-eabi/10.3.1/../../../arm-none-eabi/lib/thumb/v7e-m+fp/hard/libg.a(lib_a-strlen.o)
 .debug_abbrev  0x0000000000001e71      0x1b8 /usr/lib/gcc/arm-none-eabi/10.3.1/../../../arm-none-eabi/lib/thumb/v7e-m+fp/hard/libg.a(lib_a-impure.o)
 .debug_abbrev  0x0000000000002029       0xee /usr/lib/gcc/arm-none-eabi/10.3.1/../../../arm-none-eabi/lib/thumb/v7e-m+fp/hard/libm.a(lib_a-w_sqrt.o)
 .debug_abbrev  0x0000000000002117      0x155 /usr/lib/gcc/arm-none-eabi/10.3.1/../../../arm-none-eabi/lib/thumb/v7e-m+fp/hard/libm.a(lib_a-e_sqrt.o)
 .debug_abbrev  0x000000000000226c       0x6f /usr/lib/gcc/arm-none-eabi/10.3.1/../../../arm-none-eabi/lib/thumb/v7e-m+fp/hard/libm.a(lib_a-s_lib_ver.o)
 .debug_abbrev  0x00000000000022db       0x14 /usr/lib/gcc/arm-none-eabi/10.3.1/thumb/v7e-m+fp/hard/libgcc.a(_arm_unorddf2.o)
 .debug_abbrev  0x00000000000022ef      0x1be /usr/lib/gcc/arm-none-eabi/10.3.1/../../../arm-none-eabi/lib/thumb/v7e-m+fp/hard/libc.a(lib_a-errno.o)

.debug_loc      0x0000000000000000     0x7618
 .debug_loc     0x0000000000000000      0x2fc build/src/pdantler/main.o
 .debug_loc     0x00000000000002fc      0x5f5 build/src/pdantler/lifecycle.o
 .debug_loc     0x00000000000008f1      0x571 build/src/pdantler/utils.o
 .debug_loc     0x0000000000000e62       0xba build/src/pdantler/pdlogger.o
 .debug_loc     0x0000000000000f1c     0x35f6 build/src/pdantler/printf.o
 .debug_loc     0x0000000000004512       0x60 build/src/scenes/scene_splash.o
 .debug_loc     0x0000000000004572     0x168d build/src/scenes/scene_game.o
 .debug_loc     0x0000000000005bff      0x21c build//home/mchristensen/src/PlaydateSDK-2.2.0/C_API/buildsupport/setup.o
 .debug_loc     0x0000000000005e1b     0x100f /usr/lib/gcc/arm-none-eabi/10.3.1/thumb/v7e-m+fp/hard/libgcc.a(_udivmoddi4.o)
 .debug_loc     0x0000000000006e2a      0x22c /usr/lib/gcc/arm-none-eabi/10.3.1/../../../arm-none-eabi/lib/thumb/v7e-m+fp/hard/libg.a(lib_a-memset.o)
 .debug_loc     0x0000000000007056       0x38 /usr/lib/gcc/arm-none-eabi/10.3.1/../../../arm-none-eabi/lib/thumb/v7e-m+fp/hard/libg.a(lib_a-rand.o)
 .debug_loc     0x000000000000708e       0x98 /usr/lib/gcc/arm-none-eabi/10.3.1/../../../arm-none-eabi/lib/thumb/v7e-m+fp/hard/libm.a(lib_a-w_sqrt.o)
 .debug_loc     0x0000000000007126      0x4f2 /usr/lib/gcc/arm-none-eabi/10.3.1/../../../arm-none-eabi/lib/thumb/v7e-m+fp/hard/libm.a(lib_a-e_sqrt.o)

.debug_aranges  0x0000000000000000      0x448
 .debug_aranges
                0x0000000000000000       0x30 build/src/pdantler/main.o
 .debug_aranges
                0x0000000000000030       0x28 build/src/pdantler/lifecycle.o
 .debug_aranges
                0x0000000000000058       0x38 build/src/pdantler/utils.o
 .debug_aranges
                0x0000000000000090       0x38 build/src/pdantler/pdlogger.o
 .debug_aranges
                0x00000000000000c8       0xa0 build/src/pdantler/printf.o
 .debug_aranges
                0x0000000000000168       0x28 build/src/scenes/scene_splash.o
 .debug_aranges
                0x0000000000000190       0x50 build/src/scenes/scene_game.o
 .debug_aranges
                0x00000000000001e0       0x38 build//home/mchristensen/src/PlaydateSDK-2.2.0/C_API/buildsupport/setup.o
 .debug_aranges
                0x0000000000000218       0x20 /usr/lib/gcc/arm-none-eabi/10.3.1/thumb/v7e-m+fp/hard/libgcc.a(_arm_addsubdf3.o)
 .debug_aranges
                0x0000000000000238       0x20 /usr/lib/gcc/arm-none-eabi/10.3.1/thumb/v7e-m+fp/hard/libgcc.a(_arm_muldivdf3.o)
 .debug_aranges
                0x0000000000000258       0x20 /usr/lib/gcc/arm-none-eabi/10.3.1/thumb/v7e-m+fp/hard/libgcc.a(_arm_cmpdf2.o)
 .debug_aranges
                0x0000000000000278       0x20 /usr/lib/gcc/arm-none-eabi/10.3.1/thumb/v7e-m+fp/hard/libgcc.a(_arm_fixdfsi.o)
 .debug_aranges
                0x0000000000000298       0x20 /usr/lib/gcc/arm-none-eabi/10.3.1/thumb/v7e-m+fp/hard/libgcc.a(_arm_fixunsdfsi.o)
 .debug_aranges
                0x00000000000002b8       0x20 /usr/lib/gcc/arm-none-eabi/10.3.1/thumb/v7e-m+fp/hard/libgcc.a(_arm_truncdfsf2.o)
 .debug_aranges
                0x00000000000002d8       0x20 /usr/lib/gcc/arm-none-eabi/10.3.1/thumb/v7e-m+fp/hard/libgcc.a(_aeabi_uldivmod.o)
 .debug_aranges
                0x00000000000002f8       0x20 /usr/lib/gcc/arm-none-eabi/10.3.1/thumb/v7e-m+fp/hard/libgcc.a(_udivmoddi4.o)
 .debug_aranges
                0x0000000000000318       0x20 /usr/lib/gcc/arm-none-eabi/10.3.1/thumb/v7e-m+fp/hard/libgcc.a(_dvmd_tls.o)
 .debug_aranges
                0x0000000000000338       0x20 /usr/lib/gcc/arm-none-eabi/10.3.1/../../../arm-none-eabi/lib/thumb/v7e-m+fp/hard/libg.a(lib_a-memset.o)
 .debug_aranges
                0x0000000000000358       0x20 /usr/lib/gcc/arm-none-eabi/10.3.1/../../../arm-none-eabi/lib/thumb/v7e-m+fp/hard/libg.a(lib_a-rand.o)
 .debug_aranges
                0x0000000000000378       0x20 /usr/lib/gcc/arm-none-eabi/10.3.1/../../../arm-none-eabi/lib/thumb/v7e-m+fp/hard/libg.a(lib_a-strlen.o)
 .debug_aranges
                0x0000000000000398       0x18 /usr/lib/gcc/arm-none-eabi/10.3.1/../../../arm-none-eabi/lib/thumb/v7e-m+fp/hard/libg.a(lib_a-impure.o)
 .debug_aranges
                0x00000000000003b0       0x20 /usr/lib/gcc/arm-none-eabi/10.3.1/../../../arm-none-eabi/lib/thumb/v7e-m+fp/hard/libm.a(lib_a-w_sqrt.o)
 .debug_aranges
                0x00000000000003d0       0x20 /usr/lib/gcc/arm-none-eabi/10.3.1/../../../arm-none-eabi/lib/thumb/v7e-m+fp/hard/libm.a(lib_a-e_sqrt.o)
 .debug_aranges
                0x00000000000003f0       0x18 /usr/lib/gcc/arm-none-eabi/10.3.1/../../../arm-none-eabi/lib/thumb/v7e-m+fp/hard/libm.a(lib_a-s_lib_ver.o)
 .debug_aranges
                0x0000000000000408       0x20 /usr/lib/gcc/arm-none-eabi/10.3.1/thumb/v7e-m+fp/hard/libgcc.a(_arm_unorddf2.o)
 .debug_aranges
                0x0000000000000428       0x20 /usr/lib/gcc/arm-none-eabi/10.3.1/../../../arm-none-eabi/lib/thumb/v7e-m+fp/hard/libc.a(lib_a-errno.o)

.debug_ranges   0x0000000000000000      0xb60
 .debug_ranges  0x0000000000000000       0x68 build/src/pdantler/main.o
 .debug_ranges  0x0000000000000068      0x178 build/src/pdantler/lifecycle.o
 .debug_ranges  0x00000000000001e0       0x98 build/src/pdantler/utils.o
 .debug_ranges  0x0000000000000278       0x28 build/src/pdantler/pdlogger.o
 .debug_ranges  0x00000000000002a0      0x248 build/src/pdantler/printf.o
 .debug_ranges  0x00000000000004e8       0x18 build/src/scenes/scene_splash.o
 .debug_ranges  0x0000000000000500      0x538 build/src/scenes/scene_game.o
 .debug_ranges  0x0000000000000a38       0x28 build//home/mchristensen/src/PlaydateSDK-2.2.0/C_API/buildsupport/setup.o
 .debug_ranges  0x0000000000000a60       0xe8 /usr/lib/gcc/arm-none-eabi/10.3.1/thumb/v7e-m+fp/hard/libgcc.a(_udivmoddi4.o)
 .debug_ranges  0x0000000000000b48       0x18 /usr/lib/gcc/arm-none-eabi/10.3.1/../../../arm-none-eabi/lib/thumb/v7e-m+fp/hard/libm.a(lib_a-e_sqrt.o)

.debug_macro    0x0000000000000000     0x32fe
 .debug_macro   0x0000000000000000      0x2be build/src/pdantler/main.o
 .debug_macro   0x00000000000002be      0xa78 build/src/pdantler/main.o
 .debug_macro   0x0000000000000d36      0x34e build/src/pdantler/main.o
 .debug_macro   0x0000000000001084       0x18 build/src/pdantler/main.o
 .debug_macro   0x000000000000109c       0x22 build/src/pdantler/main.o
 .debug_macro   0x00000000000010be       0x52 build/src/pdantler/main.o
 .debug_macro   0x0000000000001110       0x94 build/src/pdantler/main.o
 .debug_macro   0x00000000000011a4       0x35 build/src/pdantler/main.o
 .debug_macro   0x00000000000011d9       0x34 build/src/pdantler/main.o
 .debug_macro   0x000000000000120d       0x16 build/src/pdantler/main.o
 .debug_macro   0x0000000000001223      0x10e build/src/pdantler/main.o
 .debug_macro   0x0000000000001331       0x8d build/src/pdantler/main.o
 .debug_macro   0x00000000000013be       0x16 build/src/pdantler/main.o
 .debug_macro   0x00000000000013d4       0x43 build/src/pdantler/main.o
 .debug_macro   0x0000000000001417       0x57 build/src/pdantler/main.o
 .debug_macro   0x000000000000146e       0x34 build/src/pdantler/main.o
 .debug_macro   0x00000000000014a2       0x10 build/src/pdantler/main.o
 .debug_macro   0x00000000000014b2       0x52 build/src/pdantler/main.o
 .debug_macro   0x0000000000001504      0x182 build/src/pdantler/main.o
 .debug_macro   0x0000000000001686      0x333 build/src/pdantler/main.o
 .debug_macro   0x00000000000019b9       0x16 build/src/pdantler/main.o
 .debug_macro   0x00000000000019cf       0x29 build/src/pdantler/main.o
 .debug_macro   0x00000000000019f8       0x28 build/src/pdantler/main.o
 .debug_macro   0x0000000000001a20       0x16 build/src/pdantler/main.o
 .debug_macro   0x0000000000001a36       0x35 build/src/pdantler/main.o
 .debug_macro   0x0000000000001a6b       0x1c build/src/pdantler/main.o
 .debug_macro   0x0000000000001a87       0x22 build/src/pdantler/main.o
 .debug_macro   0x0000000000001aa9      0x1a9 build/src/pdantler/main.o
 .debug_macro   0x0000000000001c52       0x10 build/src/pdantler/main.o
 .debug_macro   0x0000000000001c62       0x22 build/src/pdantler/main.o
 .debug_macro   0x0000000000001c84       0x22 build/src/pdantler/main.o
 .debug_macro   0x0000000000001ca6       0x23 build/src/pdantler/main.o
 .debug_macro   0x0000000000001cc9       0x1c build/src/pdantler/main.o
 .debug_macro   0x0000000000001ce5       0x10 build/src/pdantler/main.o
 .debug_macro   0x0000000000001cf5       0x10 build/src/pdantler/main.o
 .debug_macro   0x0000000000001d05       0x6a build/src/pdantler/main.o
 .debug_macro   0x0000000000001d6f       0x1c build/src/pdantler/main.o
 .debug_macro   0x0000000000001d8b       0x52 build/src/pdantler/main.o
 .debug_macro   0x0000000000001ddd       0x22 build/src/pdantler/main.o
 .debug_macro   0x0000000000001dff       0x10 build/src/pdantler/main.o
 .debug_macro   0x0000000000001e0f       0x40 build/src/pdantler/main.o
 .debug_macro   0x0000000000001e4f       0xd5 build/src/pdantler/main.o
 .debug_macro   0x0000000000001f24       0x1c build/src/pdantler/main.o
 .debug_macro   0x0000000000001f40       0x3d build/src/pdantler/main.o
 .debug_macro   0x0000000000001f7d       0x16 build/src/pdantler/main.o
 .debug_macro   0x0000000000001f93      0x15a build/src/pdantler/main.o
 .debug_macro   0x00000000000020ed       0x12 build/src/pdantler/main.o
 .debug_macro   0x00000000000020ff      0x2b4 build/src/pdantler/lifecycle.o
 .debug_macro   0x00000000000023b3      0x29c build/src/pdantler/utils.o
 .debug_macro   0x000000000000264f       0x41 build/src/pdantler/pdlogger.o
 .debug_macro   0x0000000000002690       0x58 build/src/pdantler/pdlogger.o
 .debug_macro   0x00000000000026e8      0x174 build/src/pdantler/pdlogger.o
 .debug_macro   0x000000000000285c       0x22 build/src/pdantler/pdlogger.o
 .debug_macro   0x000000000000287e       0xc5 build/src/pdantler/printf.o
 .debug_macro   0x0000000000002943      0x201 build/src/pdantler/printf.o
 .debug_macro   0x0000000000002b44      0x2a6 build/src/scenes/scene_splash.o
 .debug_macro   0x0000000000002dea      0x32c build/src/scenes/scene_game.o
 .debug_macro   0x0000000000003116       0x4c build/src/scenes/scene_game.o
 .debug_macro   0x0000000000003162      0x19c build//home/mchristensen/src/PlaydateSDK-2.2.0/C_API/buildsupport/setup.o

.debug_line     0x0000000000000000     0x5d2a
 .debug_line    0x0000000000000000      0x5cc build/src/pdantler/main.o
 .debug_line    0x00000000000005cc      0xbfb build/src/pdantler/lifecycle.o
 .debug_line    0x00000000000011c7      0x61e build/src/pdantler/utils.o
 .debug_line    0x00000000000017e5      0x147 build/src/pdantler/pdlogger.o
 .debug_line    0x000000000000192c     0x122d build/src/pdantler/printf.o
 .debug_line    0x0000000000002b59      0x445 build/src/scenes/scene_splash.o
 .debug_line    0x0000000000002f9e     0x11f7 build/src/scenes/scene_game.o
 .debug_line    0x0000000000004195      0x39f build//home/mchristensen/src/PlaydateSDK-2.2.0/C_API/buildsupport/setup.o
 .debug_line    0x0000000000004534      0x186 /usr/lib/gcc/arm-none-eabi/10.3.1/thumb/v7e-m+fp/hard/libgcc.a(_arm_addsubdf3.o)
 .debug_line    0x00000000000046ba      0x19b /usr/lib/gcc/arm-none-eabi/10.3.1/thumb/v7e-m+fp/hard/libgcc.a(_arm_muldivdf3.o)
 .debug_line    0x0000000000004855       0xbd /usr/lib/gcc/arm-none-eabi/10.3.1/thumb/v7e-m+fp/hard/libgcc.a(_arm_cmpdf2.o)
 .debug_line    0x0000000000004912       0x79 /usr/lib/gcc/arm-none-eabi/10.3.1/thumb/v7e-m+fp/hard/libgcc.a(_arm_fixdfsi.o)
 .debug_line    0x000000000000498b       0x75 /usr/lib/gcc/arm-none-eabi/10.3.1/thumb/v7e-m+fp/hard/libgcc.a(_arm_fixunsdfsi.o)
 .debug_line    0x0000000000004a00       0x8d /usr/lib/gcc/arm-none-eabi/10.3.1/thumb/v7e-m+fp/hard/libgcc.a(_arm_truncdfsf2.o)
 .debug_line    0x0000000000004a8d       0x60 /usr/lib/gcc/arm-none-eabi/10.3.1/thumb/v7e-m+fp/hard/libgcc.a(_aeabi_uldivmod.o)
 .debug_line    0x0000000000004aed      0x5ae /usr/lib/gcc/arm-none-eabi/10.3.1/thumb/v7e-m+fp/hard/libgcc.a(_udivmoddi4.o)
 .debug_line    0x000000000000509b       0x60 /usr/lib/gcc/arm-none-eabi/10.3.1/thumb/v7e-m+fp/hard/libgcc.a(_dvmd_tls.o)
 .debug_line    0x00000000000050fb      0x1bf /usr/lib/gcc/arm-none-eabi/10.3.1/../../../arm-none-eabi/lib/thumb/v7e-m+fp/hard/libg.a(lib_a-memset.o)
 .debug_line    0x00000000000052ba      0x176 /usr/lib/gcc/arm-none-eabi/10.3.1/../../../arm-none-eabi/lib/thumb/v7e-m+fp/hard/libg.a(lib_a-rand.o)
 .debug_line    0x0000000000005430       0xaf /usr/lib/gcc/arm-none-eabi/10.3.1/../../../arm-none-eabi/lib/thumb/v7e-m+fp/hard/libg.a(lib_a-strlen.o)
 .debug_line    0x00000000000054df       0xe4 /usr/lib/gcc/arm-none-eabi/10.3.1/../../../arm-none-eabi/lib/thumb/v7e-m+fp/hard/libg.a(lib_a-impure.o)
 .debug_line    0x00000000000055c3      0x170 /usr/lib/gcc/arm-none-eabi/10.3.1/../../../arm-none-eabi/lib/thumb/v7e-m+fp/hard/libm.a(lib_a-w_sqrt.o)
 .debug_line    0x0000000000005733      0x3e9 /usr/lib/gcc/arm-none-eabi/10.3.1/../../../arm-none-eabi/lib/thumb/v7e-m+fp/hard/libm.a(lib_a-e_sqrt.o)
 .debug_line    0x0000000000005b1c       0x97 /usr/lib/gcc/arm-none-eabi/10.3.1/../../../arm-none-eabi/lib/thumb/v7e-m+fp/hard/libm.a(lib_a-s_lib_ver.o)
 .debug_line    0x0000000000005bb3       0x6e /usr/lib/gcc/arm-none-eabi/10.3.1/thumb/v7e-m+fp/hard/libgcc.a(_arm_unorddf2.o)
 .debug_line    0x0000000000005c21      0x109 /usr/lib/gcc/arm-none-eabi/10.3.1/../../../arm-none-eabi/lib/thumb/v7e-m+fp/hard/libc.a(lib_a-errno.o)

.debug_str      0x0000000000000000     0xcdd0
 .debug_str     0x0000000000000000     0xab27 build/src/pdantler/main.o
                                       0xaf68 (size before relaxing)
 .debug_str     0x000000000000ab27       0xfa build/src/pdantler/lifecycle.o
                                       0xaf2d (size before relaxing)
 .debug_str     0x000000000000ac21       0xb6 build/src/pdantler/utils.o
                                       0xac54 (size before relaxing)
 .debug_str     0x000000000000acd7      0x1a6 build/src/pdantler/pdlogger.o
                                       0x32ef (size before relaxing)
 .debug_str     0x000000000000ae7d      0x9b1 build/src/pdantler/printf.o
                                       0x47cd (size before relaxing)
 .debug_str     0x000000000000b82e       0x29 build/src/scenes/scene_splash.o
                                       0xac60 (size before relaxing)
 .debug_str     0x000000000000b857      0x4f5 build/src/scenes/scene_game.o
                                       0xb4a6 (size before relaxing)
 .debug_str     0x000000000000bd4c      0x426 build//home/mchristensen/src/PlaydateSDK-2.2.0/C_API/buildsupport/setup.o
                                       0x9b71 (size before relaxing)
 .debug_str     0x000000000000c172       0xab /usr/lib/gcc/arm-none-eabi/10.3.1/thumb/v7e-m+fp/hard/libgcc.a(_arm_addsubdf3.o)
 .debug_str     0x000000000000c21d       0xab /usr/lib/gcc/arm-none-eabi/10.3.1/thumb/v7e-m+fp/hard/libgcc.a(_arm_muldivdf3.o)
 .debug_str     0x000000000000c21d       0xab /usr/lib/gcc/arm-none-eabi/10.3.1/thumb/v7e-m+fp/hard/libgcc.a(_arm_cmpdf2.o)
 .debug_str     0x000000000000c21d       0xab /usr/lib/gcc/arm-none-eabi/10.3.1/thumb/v7e-m+fp/hard/libgcc.a(_arm_fixdfsi.o)
 .debug_str     0x000000000000c21d       0xab /usr/lib/gcc/arm-none-eabi/10.3.1/thumb/v7e-m+fp/hard/libgcc.a(_arm_fixunsdfsi.o)
 .debug_str     0x000000000000c21d       0xab /usr/lib/gcc/arm-none-eabi/10.3.1/thumb/v7e-m+fp/hard/libgcc.a(_arm_truncdfsf2.o)
 .debug_str     0x000000000000c21d       0x2c /usr/lib/gcc/arm-none-eabi/10.3.1/thumb/v7e-m+fp/hard/libgcc.a(_aeabi_uldivmod.o)
                                         0xa6 (size before relaxing)
 .debug_str     0x000000000000c249      0x544 /usr/lib/gcc/arm-none-eabi/10.3.1/thumb/v7e-m+fp/hard/libgcc.a(_udivmoddi4.o)
                                        0x647 (size before relaxing)
 .debug_str     0x000000000000c78d       0x30 /usr/lib/gcc/arm-none-eabi/10.3.1/thumb/v7e-m+fp/hard/libgcc.a(_dvmd_tls.o)
                                         0xaa (size before relaxing)
 .debug_str     0x000000000000c7bd      0x111 /usr/lib/gcc/arm-none-eabi/10.3.1/../../../arm-none-eabi/lib/thumb/v7e-m+fp/hard/libg.a(lib_a-memset.o)
                                        0x1bb (size before relaxing)
 .debug_str     0x000000000000c8ce       0x8f /usr/lib/gcc/arm-none-eabi/10.3.1/../../../arm-none-eabi/lib/thumb/v7e-m+fp/hard/libg.a(lib_a-rand.o)
                                        0x579 (size before relaxing)
 .debug_str     0x000000000000c95d       0xa4 /usr/lib/gcc/arm-none-eabi/10.3.1/../../../arm-none-eabi/lib/thumb/v7e-m+fp/hard/libg.a(lib_a-strlen.o)
                                         0xb0 (size before relaxing)
 .debug_str     0x000000000000ca01       0x9b /usr/lib/gcc/arm-none-eabi/10.3.1/../../../arm-none-eabi/lib/thumb/v7e-m+fp/hard/libg.a(lib_a-impure.o)
                                        0x582 (size before relaxing)
 .debug_str     0x000000000000ca9c       0xb3 /usr/lib/gcc/arm-none-eabi/10.3.1/../../../arm-none-eabi/lib/thumb/v7e-m+fp/hard/libm.a(lib_a-w_sqrt.o)
                                        0x227 (size before relaxing)
 .debug_str     0x000000000000cb4f       0xdf /usr/lib/gcc/arm-none-eabi/10.3.1/../../../arm-none-eabi/lib/thumb/v7e-m+fp/hard/libm.a(lib_a-e_sqrt.o)
                                        0x242 (size before relaxing)
 .debug_str     0x000000000000cc2e      0x114 /usr/lib/gcc/arm-none-eabi/10.3.1/../../../arm-none-eabi/lib/thumb/v7e-m+fp/hard/libm.a(lib_a-s_lib_ver.o)
                                        0x1f4 (size before relaxing)
 .debug_str     0x000000000000cd42       0xab /usr/lib/gcc/arm-none-eabi/10.3.1/thumb/v7e-m+fp/hard/libgcc.a(_arm_unorddf2.o)
 .debug_str     0x000000000000cd42       0x8e /usr/lib/gcc/arm-none-eabi/10.3.1/../../../arm-none-eabi/lib/thumb/v7e-m+fp/hard/libc.a(lib_a-errno.o)
                                        0x56a (size before relaxing)

.comment        0x0000000000000000       0x33
 .comment       0x0000000000000000       0x33 build/src/pdantler/main.o
                                         0x34 (size before relaxing)
 .comment       0x0000000000000033       0x34 build/src/pdantler/lifecycle.o
 .comment       0x0000000000000033       0x34 build/src/pdantler/utils.o
 .comment       0x0000000000000033       0x34 build/src/pdantler/pdlogger.o
 .comment       0x0000000000000033       0x34 build/src/pdantler/printf.o
 .comment       0x0000000000000033       0x34 build/src/scenes/scene_splash.o
 .comment       0x0000000000000033       0x34 build/src/scenes/scene_game.o
 .comment       0x0000000000000033       0x34 build//home/mchristensen/src/PlaydateSDK-2.2.0/C_API/buildsupport/setup.o
 .comment       0x0000000000000033       0x34 /usr/lib/gcc/arm-none-eabi/10.3.1/thumb/v7e-m+fp/hard/libgcc.a(_udivmoddi4.o)
 .comment       0x0000000000000033       0x34 /usr/lib/gcc/arm-none-eabi/10.3.1/../../../arm-none-eabi/lib/thumb/v7e-m+fp/hard/libg.a(lib_a-memset.o)
 .comment       0x0000000000000033       0x34 /usr/lib/gcc/arm-none-eabi/10.3.1/../../../arm-none-eabi/lib/thumb/v7e-m+fp/hard/libg.a(lib_a-rand.o)
 .comment       0x0000000000000033       0x34 /usr/lib/gcc/arm-none-eabi/10.3.1/../../../arm-none-eabi/lib/thumb/v7e-m+fp/hard/libg.a(lib_a-impure.o)
 .comment       0x0000000000000033       0x34 /usr/lib/gcc/arm-none-eabi/10.3.1/../../../arm-none-eabi/lib/thumb/v7e-m+fp/hard/libm.a(lib_a-w_sqrt.o)
 .comment       0x0000000000000033       0x34 /usr/lib/gcc/arm-none-eabi/10.3.1/../../../arm-none-eabi/lib/thumb/v7e-m+fp/hard/libm.a(lib_a-e_sqrt.o)
 .comment       0x0000000000000033       0x34 /usr/lib/gcc/arm-none-eabi/10.3.1/../../../arm-none-eabi/lib/thumb/v7e-m+fp/hard/libm.a(lib_a-s_lib_ver.o)
 .comment       0x0000000000000033       0x34 /usr/lib/gcc/arm-none-eabi/10.3.1/../../../arm-none-eabi/lib/thumb/v7e-m+fp/hard/libc.a(lib_a-errno.o)

.ARM.attributes
                0x0000000000000000       0x32
 .ARM.attributes
                0x0000000000000000       0x34 build/src/pdantler/main.o
 .ARM.attributes
                0x0000000000000034       0x34 build/src/pdantler/lifecycle.o
 .ARM.attributes
                0x0000000000000068       0x34 build/src/pdantler/utils.o
 .ARM.attributes
                0x000000000000009c       0x34 build/src/pdantler/pdlogger.o
 .ARM.attributes
                0x00000000000000d0       0x34 build/src/pdantler/printf.o
 .ARM.attributes
                0x0000000000000104       0x34 build/src/scenes/scene_splash.o
 .ARM.attributes
                0x0000000000000138       0x34 build/src/scenes/scene_game.o
 .ARM.attributes
                0x000000000000016c       0x34 build//home/mchristensen/src/PlaydateSDK-2.2.0/C_API/buildsupport/setup.o
 .ARM.attributes
                0x00000000000001a0       0x1e /usr/lib/gcc/arm-none-eabi/10.3.1/thumb/v7e-m+fp/hard/libgcc.a(_arm_addsubdf3.o)
 .ARM.attributes
                0x00000000000001be       0x1e /usr/lib/gcc/arm-none-eabi/10.3.1/thumb/v7e-m+fp/hard/libgcc.a(_arm_muldivdf3.o)
 .ARM.attributes
                0x00000000000001dc       0x1e /usr/lib/gcc/arm-none-eabi/10.3.1/thumb/v7e-m+fp/hard/libgcc.a(_arm_cmpdf2.o)
 .ARM.attributes
                0x00000000000001fa       0x1e /usr/lib/gcc/arm-none-eabi/10.3.1/thumb/v7e-m+fp/hard/libgcc.a(_arm_fixdfsi.o)
 .ARM.attributes
                0x0000000000000218       0x1e /usr/lib/gcc/arm-none-eabi/10.3.1/thumb/v7e-m+fp/hard/libgcc.a(_arm_fixunsdfsi.o)
 .ARM.attributes
                0x0000000000000236       0x1e /usr/lib/gcc/arm-none-eabi/10.3.1/thumb/v7e-m+fp/hard/libgcc.a(_arm_truncdfsf2.o)
 .ARM.attributes
                0x0000000000000254       0x1e /usr/lib/gcc/arm-none-eabi/10.3.1/thumb/v7e-m+fp/hard/libgcc.a(_aeabi_uldivmod.o)
 .ARM.attributes
                0x0000000000000272       0x34 /usr/lib/gcc/arm-none-eabi/10.3.1/thumb/v7e-m+fp/hard/libgcc.a(_udivmoddi4.o)
 .ARM.attributes
                0x00000000000002a6       0x1e /usr/lib/gcc/arm-none-eabi/10.3.1/thumb/v7e-m+fp/hard/libgcc.a(_dvmd_tls.o)
 .ARM.attributes
                0x00000000000002c4       0x34 /usr/lib/gcc/arm-none-eabi/10.3.1/../../../arm-none-eabi/lib/thumb/v7e-m+fp/hard/libg.a(lib_a-memset.o)
 .ARM.attributes
                0x00000000000002f8       0x34 /usr/lib/gcc/arm-none-eabi/10.3.1/../../../arm-none-eabi/lib/thumb/v7e-m+fp/hard/libg.a(lib_a-rand.o)
 .ARM.attributes
                0x000000000000032c       0x1c /usr/lib/gcc/arm-none-eabi/10.3.1/../../../arm-none-eabi/lib/thumb/v7e-m+fp/hard/libg.a(lib_a-strlen.o)
 .ARM.attributes
                0x0000000000000348       0x32 /usr/lib/gcc/arm-none-eabi/10.3.1/../../../arm-none-eabi/lib/thumb/v7e-m+fp/hard/libg.a(lib_a-impure.o)
 .ARM.attributes
                0x000000000000037a       0x34 /usr/lib/gcc/arm-none-eabi/10.3.1/../../../arm-none-eabi/lib/thumb/v7e-m+fp/hard/libm.a(lib_a-w_sqrt.o)
 .ARM.attributes
                0x00000000000003ae       0x34 /usr/lib/gcc/arm-none-eabi/10.3.1/../../../arm-none-eabi/lib/thumb/v7e-m+fp/hard/libm.a(lib_a-e_sqrt.o)
 .ARM.attributes
                0x00000000000003e2       0x32 /usr/lib/gcc/arm-none-eabi/10.3.1/../../../arm-none-eabi/lib/thumb/v7e-m+fp/hard/libm.a(lib_a-s_lib_ver.o)
 .ARM.attributes
                0x0000000000000414       0x1e /usr/lib/gcc/arm-none-eabi/10.3.1/thumb/v7e-m+fp/hard/libgcc.a(_arm_unorddf2.o)
 .ARM.attributes
                0x0000000000000432       0x34 /usr/lib/gcc/arm-none-eabi/10.3.1/../../../arm-none-eabi/lib/thumb/v7e-m+fp/hard/libc.a(lib_a-errno.o)

.debug_frame    0x0000000000000000      0xb84
 .debug_frame   0x0000000000000000       0x58 build/src/pdantler/main.o
 .debug_frame   0x0000000000000058       0x90 build/src/pdantler/lifecycle.o
 .debug_frame   0x00000000000000e8       0xa4 build/src/pdantler/utils.o
 .debug_frame   0x000000000000018c       0xa0 build/src/pdantler/pdlogger.o
 .debug_frame   0x000000000000022c      0x394 build/src/pdantler/printf.o
 .debug_frame   0x00000000000005c0       0x70 build/src/scenes/scene_splash.o
 .debug_frame   0x0000000000000630      0x14c build/src/scenes/scene_game.o
 .debug_frame   0x000000000000077c       0x5c build//home/mchristensen/src/PlaydateSDK-2.2.0/C_API/buildsupport/setup.o
 .debug_frame   0x00000000000007d8       0xac /usr/lib/gcc/arm-none-eabi/10.3.1/thumb/v7e-m+fp/hard/libgcc.a(_arm_addsubdf3.o)
 .debug_frame   0x0000000000000884       0x50 /usr/lib/gcc/arm-none-eabi/10.3.1/thumb/v7e-m+fp/hard/libgcc.a(_arm_muldivdf3.o)
 .debug_frame   0x00000000000008d4       0xc4 /usr/lib/gcc/arm-none-eabi/10.3.1/thumb/v7e-m+fp/hard/libgcc.a(_arm_cmpdf2.o)
 .debug_frame   0x0000000000000998       0x24 /usr/lib/gcc/arm-none-eabi/10.3.1/thumb/v7e-m+fp/hard/libgcc.a(_arm_fixdfsi.o)
 .debug_frame   0x00000000000009bc       0x24 /usr/lib/gcc/arm-none-eabi/10.3.1/thumb/v7e-m+fp/hard/libgcc.a(_arm_fixunsdfsi.o)
 .debug_frame   0x00000000000009e0       0x24 /usr/lib/gcc/arm-none-eabi/10.3.1/thumb/v7e-m+fp/hard/libgcc.a(_arm_truncdfsf2.o)
 .debug_frame   0x0000000000000a04       0x2c /usr/lib/gcc/arm-none-eabi/10.3.1/thumb/v7e-m+fp/hard/libgcc.a(_aeabi_uldivmod.o)
 .debug_frame   0x0000000000000a30       0x34 /usr/lib/gcc/arm-none-eabi/10.3.1/thumb/v7e-m+fp/hard/libgcc.a(_udivmoddi4.o)
 .debug_frame   0x0000000000000a64       0x2c /usr/lib/gcc/arm-none-eabi/10.3.1/../../../arm-none-eabi/lib/thumb/v7e-m+fp/hard/libg.a(lib_a-memset.o)
 .debug_frame   0x0000000000000a90       0x3c /usr/lib/gcc/arm-none-eabi/10.3.1/../../../arm-none-eabi/lib/thumb/v7e-m+fp/hard/libg.a(lib_a-rand.o)
 .debug_frame   0x0000000000000acc       0x48 /usr/lib/gcc/arm-none-eabi/10.3.1/../../../arm-none-eabi/lib/thumb/v7e-m+fp/hard/libm.a(lib_a-w_sqrt.o)
 .debug_frame   0x0000000000000b14       0x30 /usr/lib/gcc/arm-none-eabi/10.3.1/../../../arm-none-eabi/lib/thumb/v7e-m+fp/hard/libm.a(lib_a-e_sqrt.o)
 .debug_frame   0x0000000000000b44       0x20 /usr/lib/gcc/arm-none-eabi/10.3.1/thumb/v7e-m+fp/hard/libgcc.a(_arm_unorddf2.o)
 .debug_frame   0x0000000000000b64       0x20 /usr/lib/gcc/arm-none-eabi/10.3.1/../../../arm-none-eabi/lib/thumb/v7e-m+fp/hard/libc.a(lib_a-errno.o)

Cross Reference Table

Symbol                                            File
__adddf3                                          /usr/lib/gcc/arm-none-eabi/10.3.1/thumb/v7e-m+fp/hard/libgcc.a(_arm_addsubdf3.o)
__aeabi_cdcmpeq                                   /usr/lib/gcc/arm-none-eabi/10.3.1/thumb/v7e-m+fp/hard/libgcc.a(_arm_cmpdf2.o)
__aeabi_cdcmple                                   /usr/lib/gcc/arm-none-eabi/10.3.1/thumb/v7e-m+fp/hard/libgcc.a(_arm_cmpdf2.o)
__aeabi_cdrcmple                                  /usr/lib/gcc/arm-none-eabi/10.3.1/thumb/v7e-m+fp/hard/libgcc.a(_arm_cmpdf2.o)
__aeabi_d2f                                       /usr/lib/gcc/arm-none-eabi/10.3.1/thumb/v7e-m+fp/hard/libgcc.a(_arm_truncdfsf2.o)
                                                  build/src/scenes/scene_game.o
__aeabi_d2iz                                      /usr/lib/gcc/arm-none-eabi/10.3.1/thumb/v7e-m+fp/hard/libgcc.a(_arm_fixdfsi.o)
                                                  build/src/pdantler/printf.o
__aeabi_d2uiz                                     /usr/lib/gcc/arm-none-eabi/10.3.1/thumb/v7e-m+fp/hard/libgcc.a(_arm_fixunsdfsi.o)
                                                  build/src/pdantler/printf.o
__aeabi_dadd                                      /usr/lib/gcc/arm-none-eabi/10.3.1/thumb/v7e-m+fp/hard/libgcc.a(_arm_addsubdf3.o)
                                                  /usr/lib/gcc/arm-none-eabi/10.3.1/../../../arm-none-eabi/lib/thumb/v7e-m+fp/hard/libm.a(lib_a-e_sqrt.o)
                                                  build/src/pdantler/printf.o
__aeabi_dcmpeq                                    /usr/lib/gcc/arm-none-eabi/10.3.1/thumb/v7e-m+fp/hard/libgcc.a(_arm_cmpdf2.o)
                                                  build/src/pdantler/printf.o
__aeabi_dcmpge                                    /usr/lib/gcc/arm-none-eabi/10.3.1/thumb/v7e-m+fp/hard/libgcc.a(_arm_cmpdf2.o)
                                                  build/src/pdantler/printf.o
__aeabi_dcmpgt                                    /usr/lib/gcc/arm-none-eabi/10.3.1/thumb/v7e-m+fp/hard/libgcc.a(_arm_cmpdf2.o)
                                                  build/src/pdantler/printf.o
__aeabi_dcmple                                    /usr/lib/gcc/arm-none-eabi/10.3.1/thumb/v7e-m+fp/hard/libgcc.a(_arm_cmpdf2.o)
__aeabi_dcmplt                                    /usr/lib/gcc/arm-none-eabi/10.3.1/thumb/v7e-m+fp/hard/libgcc.a(_arm_cmpdf2.o)
                                                  /usr/lib/gcc/arm-none-eabi/10.3.1/../../../arm-none-eabi/lib/thumb/v7e-m+fp/hard/libm.a(lib_a-w_sqrt.o)
                                                  build/src/pdantler/printf.o
__aeabi_dcmpun                                    /usr/lib/gcc/arm-none-eabi/10.3.1/thumb/v7e-m+fp/hard/libgcc.a(_arm_unorddf2.o)
                                                  /usr/lib/gcc/arm-none-eabi/10.3.1/../../../arm-none-eabi/lib/thumb/v7e-m+fp/hard/libm.a(lib_a-w_sqrt.o)
__aeabi_ddiv                                      /usr/lib/gcc/arm-none-eabi/10.3.1/thumb/v7e-m+fp/hard/libgcc.a(_arm_muldivdf3.o)
                                                  /usr/lib/gcc/arm-none-eabi/10.3.1/../../../arm-none-eabi/lib/thumb/v7e-m+fp/hard/libm.a(lib_a-e_sqrt.o)
                                                  /usr/lib/gcc/arm-none-eabi/10.3.1/../../../arm-none-eabi/lib/thumb/v7e-m+fp/hard/libm.a(lib_a-w_sqrt.o)
                                                  build/src/pdantler/printf.o
__aeabi_dmul                                      /usr/lib/gcc/arm-none-eabi/10.3.1/thumb/v7e-m+fp/hard/libgcc.a(_arm_muldivdf3.o)
                                                  /usr/lib/gcc/arm-none-eabi/10.3.1/thumb/v7e-m+fp/hard/libgcc.a(_arm_muldf3.o)
                                                  /usr/lib/gcc/arm-none-eabi/10.3.1/../../../arm-none-eabi/lib/thumb/v7e-m+fp/hard/libm.a(lib_a-e_sqrt.o)
                                                  build/src/pdantler/printf.o
__aeabi_drsub                                     /usr/lib/gcc/arm-none-eabi/10.3.1/thumb/v7e-m+fp/hard/libgcc.a(_arm_addsubdf3.o)
__aeabi_dsub                                      /usr/lib/gcc/arm-none-eabi/10.3.1/thumb/v7e-m+fp/hard/libgcc.a(_arm_addsubdf3.o)
                                                  /usr/lib/gcc/arm-none-eabi/10.3.1/../../../arm-none-eabi/lib/thumb/v7e-m+fp/hard/libm.a(lib_a-e_sqrt.o)
                                                  build/src/pdantler/printf.o
__aeabi_f2d                                       /usr/lib/gcc/arm-none-eabi/10.3.1/thumb/v7e-m+fp/hard/libgcc.a(_arm_addsubdf3.o)
__aeabi_i2d                                       /usr/lib/gcc/arm-none-eabi/10.3.1/thumb/v7e-m+fp/hard/libgcc.a(_arm_addsubdf3.o)
                                                  build/src/scenes/scene_game.o
                                                  build/src/pdantler/printf.o
__aeabi_idiv0                                     /usr/lib/gcc/arm-none-eabi/10.3.1/thumb/v7e-m+fp/hard/libgcc.a(_dvmd_tls.o)
__aeabi_l2d                                       /usr/lib/gcc/arm-none-eabi/10.3.1/thumb/v7e-m+fp/hard/libgcc.a(_arm_addsubdf3.o)
__aeabi_ldiv0                                     /usr/lib/gcc/arm-none-eabi/10.3.1/thumb/v7e-m+fp/hard/libgcc.a(_dvmd_tls.o)
                                                  /usr/lib/gcc/arm-none-eabi/10.3.1/thumb/v7e-m+fp/hard/libgcc.a(_aeabi_uldivmod.o)
__aeabi_ui2d                                      /usr/lib/gcc/arm-none-eabi/10.3.1/thumb/v7e-m+fp/hard/libgcc.a(_arm_addsubdf3.o)
                                                  build/src/pdantler/printf.o
__aeabi_ul2d                                      /usr/lib/gcc/arm-none-eabi/10.3.1/thumb/v7e-m+fp/hard/libgcc.a(_arm_addsubdf3.o)
__aeabi_uldivmod                                  /usr/lib/gcc/arm-none-eabi/10.3.1/thumb/v7e-m+fp/hard/libgcc.a(_aeabi_uldivmod.o)
                                                  build/src/pdantler/printf.o
__cmpdf2                                          /usr/lib/gcc/arm-none-eabi/10.3.1/thumb/v7e-m+fp/hard/libgcc.a(_arm_cmpdf2.o)
__divdf3                                          /usr/lib/gcc/arm-none-eabi/10.3.1/thumb/v7e-m+fp/hard/libgcc.a(_arm_muldivdf3.o)
__eqdf2                                           /usr/lib/gcc/arm-none-eabi/10.3.1/thumb/v7e-m+fp/hard/libgcc.a(_arm_cmpdf2.o)
__errno                                           /usr/lib/gcc/arm-none-eabi/10.3.1/../../../arm-none-eabi/lib/thumb/v7e-m+fp/hard/libc.a(lib_a-errno.o)
                                                  /usr/lib/gcc/arm-none-eabi/10.3.1/../../../arm-none-eabi/lib/thumb/v7e-m+fp/hard/libm.a(lib_a-w_sqrt.o)
__extendsfdf2                                     /usr/lib/gcc/arm-none-eabi/10.3.1/thumb/v7e-m+fp/hard/libgcc.a(_arm_addsubdf3.o)
__fdlib_version                                   /usr/lib/gcc/arm-none-eabi/10.3.1/../../../arm-none-eabi/lib/thumb/v7e-m+fp/hard/libm.a(lib_a-s_lib_ver.o)
                                                  /usr/lib/gcc/arm-none-eabi/10.3.1/../../../arm-none-eabi/lib/thumb/v7e-m+fp/hard/libm.a(lib_a-w_sqrt.o)
__fixdfsi                                         /usr/lib/gcc/arm-none-eabi/10.3.1/thumb/v7e-m+fp/hard/libgcc.a(_arm_fixdfsi.o)
__fixunsdfsi                                      /usr/lib/gcc/arm-none-eabi/10.3.1/thumb/v7e-m+fp/hard/libgcc.a(_arm_fixunsdfsi.o)
__floatdidf                                       /usr/lib/gcc/arm-none-eabi/10.3.1/thumb/v7e-m+fp/hard/libgcc.a(_arm_addsubdf3.o)
__floatsidf                                       /usr/lib/gcc/arm-none-eabi/10.3.1/thumb/v7e-m+fp/hard/libgcc.a(_arm_addsubdf3.o)
__floatundidf                                     /usr/lib/gcc/arm-none-eabi/10.3.1/thumb/v7e-m+fp/hard/libgcc.a(_arm_addsubdf3.o)
__floatunsidf                                     /usr/lib/gcc/arm-none-eabi/10.3.1/thumb/v7e-m+fp/hard/libgcc.a(_arm_addsubdf3.o)
__gedf2                                           /usr/lib/gcc/arm-none-eabi/10.3.1/thumb/v7e-m+fp/hard/libgcc.a(_arm_cmpdf2.o)
__gtdf2                                           /usr/lib/gcc/arm-none-eabi/10.3.1/thumb/v7e-m+fp/hard/libgcc.a(_arm_cmpdf2.o)
__ieee754_sqrt                                    /usr/lib/gcc/arm-none-eabi/10.3.1/../../../arm-none-eabi/lib/thumb/v7e-m+fp/hard/libm.a(lib_a-e_sqrt.o)
                                                  /usr/lib/gcc/arm-none-eabi/10.3.1/../../../arm-none-eabi/lib/thumb/v7e-m+fp/hard/libm.a(lib_a-w_sqrt.o)
__ledf2                                           /usr/lib/gcc/arm-none-eabi/10.3.1/thumb/v7e-m+fp/hard/libgcc.a(_arm_cmpdf2.o)
__ltdf2                                           /usr/lib/gcc/arm-none-eabi/10.3.1/thumb/v7e-m+fp/hard/libgcc.a(_arm_cmpdf2.o)
__muldf3                                          /usr/lib/gcc/arm-none-eabi/10.3.1/thumb/v7e-m+fp/hard/libgcc.a(_arm_muldivdf3.o)
                                                  /usr/lib/gcc/arm-none-eabi/10.3.1/thumb/v7e-m+fp/hard/libgcc.a(_arm_muldf3.o)
__nedf2                                           /usr/lib/gcc/arm-none-eabi/10.3.1/thumb/v7e-m+fp/hard/libgcc.a(_arm_cmpdf2.o)
__subdf3                                          /usr/lib/gcc/arm-none-eabi/10.3.1/thumb/v7e-m+fp/hard/libgcc.a(_arm_addsubdf3.o)
__truncdfsf2                                      /usr/lib/gcc/arm-none-eabi/10.3.1/thumb/v7e-m+fp/hard/libgcc.a(_arm_truncdfsf2.o)
__udivmoddi4                                      /usr/lib/gcc/arm-none-eabi/10.3.1/thumb/v7e-m+fp/hard/libgcc.a(_udivmoddi4.o)
                                                  /usr/lib/gcc/arm-none-eabi/10.3.1/thumb/v7e-m+fp/hard/libgcc.a(_aeabi_uldivmod.o)
__unorddf2                                        /usr/lib/gcc/arm-none-eabi/10.3.1/thumb/v7e-m+fp/hard/libgcc.a(_arm_unorddf2.o)
_free_r                                           build//home/mchristensen/src/PlaydateSDK-2.2.0/C_API/buildsupport/setup.o
_global_impure_ptr                                /usr/lib/gcc/arm-none-eabi/10.3.1/../../../arm-none-eabi/lib/thumb/v7e-m+fp/hard/libg.a(lib_a-impure.o)
_impure_ptr                                       /usr/lib/gcc/arm-none-eabi/10.3.1/../../../arm-none-eabi/lib/thumb/v7e-m+fp/hard/libg.a(lib_a-impure.o)
                                                  /usr/lib/gcc/arm-none-eabi/10.3.1/../../../arm-none-eabi/lib/thumb/v7e-m+fp/hard/libc.a(lib_a-errno.o)
                                                  /usr/lib/gcc/arm-none-eabi/10.3.1/../../../arm-none-eabi/lib/thumb/v7e-m+fp/hard/libg.a(lib_a-rand.o)
_malloc_r                                         build//home/mchristensen/src/PlaydateSDK-2.2.0/C_API/buildsupport/setup.o
_putchar                                          build/src/pdantler/pdlogger.o
                                                  build/src/pdantler/printf.o
_realloc_r                                        build//home/mchristensen/src/PlaydateSDK-2.2.0/C_API/buildsupport/setup.o
enter_game                                        build/src/scenes/scene_game.o
                                                  build/src/pdantler/lifecycle.o
enter_splash                                      build/src/scenes/scene_splash.o
                                                  build/src/pdantler/lifecycle.o
eventHandler                                      build/src/pdantler/main.o
                                                  build//home/mchristensen/src/PlaydateSDK-2.2.0/C_API/buildsupport/setup.o
eventHandlerShim                                  build//home/mchristensen/src/PlaydateSDK-2.2.0/C_API/buildsupport/setup.o
exit_game                                         build/src/scenes/scene_game.o
                                                  build/src/pdantler/lifecycle.o
exit_splash                                       build/src/scenes/scene_splash.o
                                                  build/src/pdantler/lifecycle.o
fctprintf                                         build/src/pdantler/printf.o
init_game                                         build/src/scenes/scene_game.o
                                                  build/src/pdantler/lifecycle.o
init_splash                                       build/src/scenes/scene_splash.o
                                                  build/src/pdantler/lifecycle.o
lifecycle_init_game                               build/src/pdantler/lifecycle.o
                                                  build/src/pdantler/main.o
memset                                            /usr/lib/gcc/arm-none-eabi/10.3.1/../../../arm-none-eabi/lib/thumb/v7e-m+fp/hard/libg.a(lib_a-memset.o)
                                                  build/src/pdantler/pdlogger.o
                                                  build/src/pdantler/lifecycle.o
                                                  build/src/pdantler/main.o
mlib_strcpy                                       build/src/pdantler/mooselib.o
mlib_streq                                        build/src/pdantler/mooselib.o
pause_game                                        build/src/scenes/scene_game.o
pause_splash                                      build/src/scenes/scene_splash.o
pd_appender                                       build/src/pdantler/main.o
pdantler_channel_set_paused                       build/src/pdantler/utils.o
pdantler_channel_start                            build/src/pdantler/utils.o
pdantler_channel_stop                             build/src/pdantler/utils.o
pdantler_debounce_input                           build/src/pdantler/utils.o
                                                  build/src/pdantler/main.o
pdantler_switch_to_scene                          build/src/pdantler/lifecycle.o
                                                  build/src/pdantler/main.o
pdlogger_error                                    build/src/pdantler/pdlogger.o
                                                  build/src/pdantler/lifecycle.o
                                                  build/src/pdantler/main.o
pdlogger_info                                     build/src/pdantler/pdlogger.o
                                                  build/src/pdantler/lifecycle.o
                                                  build/src/pdantler/main.o
pdlogger_register_appender                        build/src/pdantler/pdlogger.o
                                                  build/src/pdantler/main.o
printf_                                           build/src/pdantler/printf.o
rand                                              /usr/lib/gcc/arm-none-eabi/10.3.1/../../../arm-none-eabi/lib/thumb/v7e-m+fp/hard/libg.a(lib_a-rand.o)
                                                  build/src/scenes/scene_game.o
snprintf_                                         build/src/pdantler/printf.o
                                                  build/src/scenes/scene_game.o
sprintf_                                          build/src/pdantler/printf.o
sqrt                                              /usr/lib/gcc/arm-none-eabi/10.3.1/../../../arm-none-eabi/lib/thumb/v7e-m+fp/hard/libm.a(lib_a-w_sqrt.o)
                                                  build/src/scenes/scene_game.o
srand                                             /usr/lib/gcc/arm-none-eabi/10.3.1/../../../arm-none-eabi/lib/thumb/v7e-m+fp/hard/libg.a(lib_a-rand.o)
                                                  build/src/scenes/scene_game.o
strlen                                            /usr/lib/gcc/arm-none-eabi/10.3.1/../../../arm-none-eabi/lib/thumb/v7e-m+fp/hard/libg.a(lib_a-strlen.o)
                                                  build/src/scenes/scene_game.o
tick_game                                         build/src/scenes/scene_game.o
                                                  build/src/pdantler/main.o
tick_splash                                       build/src/scenes/scene_splash.o
                                                  build/src/pdantler/main.o
unpause_game                                      build/src/scenes/scene_game.o
unpause_splash                                    build/src/scenes/scene_splash.o
vprintf_                                          build/src/pdantler/printf.o
vsnprintf_                                        build/src/pdantler/printf.o
                                                  build/src/pdantler/pdlogger.o
