Archive member included to satisfy reference by file (symbol)

/usr/lib/gcc/arm-none-eabi/10.3.1/thumb/v7e-m+fp/hard/libgcc.a(_arm_muldf3.o)
                              build/src/pdantler/printf.o (__aeabi_dmul)
/usr/lib/gcc/arm-none-eabi/10.3.1/thumb/v7e-m+fp/hard/libgcc.a(_arm_addsubdf3.o)
                              build/src/pdantler/printf.o (__aeabi_dsub)
/usr/lib/gcc/arm-none-eabi/10.3.1/thumb/v7e-m+fp/hard/libgcc.a(_arm_muldivdf3.o)
                              build/src/pdantler/printf.o (__aeabi_ddiv)
/usr/lib/gcc/arm-none-eabi/10.3.1/thumb/v7e-m+fp/hard/libgcc.a(_arm_cmpdf2.o)
                              build/src/pdantler/printf.o (__aeabi_dcmpeq)
/usr/lib/gcc/arm-none-eabi/10.3.1/thumb/v7e-m+fp/hard/libgcc.a(_arm_fixdfsi.o)
                              build/src/pdantler/printf.o (__aeabi_d2iz)
/usr/lib/gcc/arm-none-eabi/10.3.1/thumb/v7e-m+fp/hard/libgcc.a(_arm_fixunsdfsi.o)
                              build/src/pdantler/printf.o (__aeabi_d2uiz)
/usr/lib/gcc/arm-none-eabi/10.3.1/thumb/v7e-m+fp/hard/libgcc.a(_aeabi_uldivmod.o)
                              build/src/pdantler/printf.o (__aeabi_uldivmod)
/usr/lib/gcc/arm-none-eabi/10.3.1/thumb/v7e-m+fp/hard/libgcc.a(_udivmoddi4.o)
                              /usr/lib/gcc/arm-none-eabi/10.3.1/thumb/v7e-m+fp/hard/libgcc.a(_aeabi_uldivmod.o) (__udivmoddi4)
/usr/lib/gcc/arm-none-eabi/10.3.1/thumb/v7e-m+fp/hard/libgcc.a(_dvmd_tls.o)
                              /usr/lib/gcc/arm-none-eabi/10.3.1/thumb/v7e-m+fp/hard/libgcc.a(_aeabi_uldivmod.o) (__aeabi_ldiv0)
/usr/lib/gcc/arm-none-eabi/10.3.1/../../../arm-none-eabi/lib/thumb/v7e-m+fp/hard/libg.a(lib_a-memset.o)
                              build/src/pdantler/main.o (memset)
/usr/lib/gcc/arm-none-eabi/10.3.1/../../../arm-none-eabi/lib/thumb/v7e-m+fp/hard/libg.a(lib_a-strlen.o)
                              build/src/scenes/scene_game.o (strlen)

Discarded input sections

 .group         0x0000000000000000        0xc build/src/pdantler/main.o
 .group         0x0000000000000000        0xc build/src/pdantler/main.o
 .group         0x0000000000000000        0xc build/src/pdantler/main.o
 .group         0x0000000000000000        0xc build/src/pdantler/main.o
 .group         0x0000000000000000        0xc build/src/pdantler/main.o
 .group         0x0000000000000000        0xc build/src/pdantler/main.o
 .group         0x0000000000000000        0xc build/src/pdantler/main.o
 .group         0x0000000000000000        0xc build/src/pdantler/main.o
 .group         0x0000000000000000        0xc build/src/pdantler/main.o
 .group         0x0000000000000000        0xc build/src/pdantler/main.o
 .group         0x0000000000000000        0xc build/src/pdantler/main.o
 .group         0x0000000000000000        0xc build/src/pdantler/main.o
 .group         0x0000000000000000        0xc build/src/pdantler/main.o
 .group         0x0000000000000000        0xc build/src/pdantler/main.o
 .group         0x0000000000000000        0xc build/src/pdantler/main.o
 .group         0x0000000000000000        0xc build/src/pdantler/main.o
 .group         0x0000000000000000        0xc build/src/pdantler/main.o
 .group         0x0000000000000000        0xc build/src/pdantler/main.o
 .group         0x0000000000000000        0xc build/src/pdantler/main.o
 .group         0x0000000000000000        0xc build/src/pdantler/main.o
 .group         0x0000000000000000        0xc build/src/pdantler/main.o
 .group         0x0000000000000000        0xc build/src/pdantler/main.o
 .group         0x0000000000000000        0xc build/src/pdantler/main.o
 .group         0x0000000000000000        0xc build/src/pdantler/main.o
 .group         0x0000000000000000        0xc build/src/pdantler/main.o
 .group         0x0000000000000000        0xc build/src/pdantler/main.o
 .group         0x0000000000000000        0xc build/src/pdantler/main.o
 .group         0x0000000000000000        0xc build/src/pdantler/main.o
 .group         0x0000000000000000        0xc build/src/pdantler/main.o
 .group         0x0000000000000000        0xc build/src/pdantler/main.o
 .group         0x0000000000000000        0xc build/src/pdantler/main.o
 .group         0x0000000000000000        0xc build/src/pdantler/main.o
 .group         0x0000000000000000        0xc build/src/pdantler/main.o
 .group         0x0000000000000000        0xc build/src/pdantler/main.o
 .group         0x0000000000000000        0xc build/src/pdantler/main.o
 .group         0x0000000000000000        0xc build/src/pdantler/main.o
 .group         0x0000000000000000        0xc build/src/pdantler/main.o
 .group         0x0000000000000000        0xc build/src/pdantler/main.o
 .group         0x0000000000000000        0xc build/src/pdantler/main.o
 .group         0x0000000000000000        0xc build/src/pdantler/main.o
 .group         0x0000000000000000        0xc build/src/pdantler/main.o
 .group         0x0000000000000000        0xc build/src/pdantler/main.o
 .group         0x0000000000000000        0xc build/src/pdantler/main.o
 .group         0x0000000000000000        0xc build/src/pdantler/main.o
 .group         0x0000000000000000        0xc build/src/pdantler/main.o
 .group         0x0000000000000000        0xc build/src/pdantler/main.o
 .text          0x0000000000000000        0x0 build/src/pdantler/main.o
 .data          0x0000000000000000        0x0 build/src/pdantler/main.o
 .bss           0x0000000000000000        0x0 build/src/pdantler/main.o
 .group         0x0000000000000000        0xc build/src/pdantler/lifecycle.o
 .group         0x0000000000000000        0xc build/src/pdantler/lifecycle.o
 .group         0x0000000000000000        0xc build/src/pdantler/lifecycle.o
 .group         0x0000000000000000        0xc build/src/pdantler/lifecycle.o
 .group         0x0000000000000000        0xc build/src/pdantler/lifecycle.o
 .group         0x0000000000000000        0xc build/src/pdantler/lifecycle.o
 .group         0x0000000000000000        0xc build/src/pdantler/lifecycle.o
 .group         0x0000000000000000        0xc build/src/pdantler/lifecycle.o
 .group         0x0000000000000000        0xc build/src/pdantler/lifecycle.o
 .group         0x0000000000000000        0xc build/src/pdantler/lifecycle.o
 .group         0x0000000000000000        0xc build/src/pdantler/lifecycle.o
 .group         0x0000000000000000        0xc build/src/pdantler/lifecycle.o
 .group         0x0000000000000000        0xc build/src/pdantler/lifecycle.o
 .group         0x0000000000000000        0xc build/src/pdantler/lifecycle.o
 .group         0x0000000000000000        0xc build/src/pdantler/lifecycle.o
 .group         0x0000000000000000        0xc build/src/pdantler/lifecycle.o
 .group         0x0000000000000000        0xc build/src/pdantler/lifecycle.o
 .group         0x0000000000000000        0xc build/src/pdantler/lifecycle.o
 .group         0x0000000000000000        0xc build/src/pdantler/lifecycle.o
 .group         0x0000000000000000        0xc build/src/pdantler/lifecycle.o
 .group         0x0000000000000000        0xc build/src/pdantler/lifecycle.o
 .group         0x0000000000000000        0xc build/src/pdantler/lifecycle.o
 .group         0x0000000000000000        0xc build/src/pdantler/lifecycle.o
 .group         0x0000000000000000        0xc build/src/pdantler/lifecycle.o
 .group         0x0000000000000000        0xc build/src/pdantler/lifecycle.o
 .group         0x0000000000000000        0xc build/src/pdantler/lifecycle.o
 .group         0x0000000000000000        0xc build/src/pdantler/lifecycle.o
 .group         0x0000000000000000        0xc build/src/pdantler/lifecycle.o
 .group         0x0000000000000000        0xc build/src/pdantler/lifecycle.o
 .group         0x0000000000000000        0xc build/src/pdantler/lifecycle.o
 .group         0x0000000000000000        0xc build/src/pdantler/lifecycle.o
 .group         0x0000000000000000        0xc build/src/pdantler/lifecycle.o
 .group         0x0000000000000000        0xc build/src/pdantler/lifecycle.o
 .group         0x0000000000000000        0xc build/src/pdantler/lifecycle.o
 .group         0x0000000000000000        0xc build/src/pdantler/lifecycle.o
 .group         0x0000000000000000        0xc build/src/pdantler/lifecycle.o
 .group         0x0000000000000000        0xc build/src/pdantler/lifecycle.o
 .group         0x0000000000000000        0xc build/src/pdantler/lifecycle.o
 .group         0x0000000000000000        0xc build/src/pdantler/lifecycle.o
 .group         0x0000000000000000        0xc build/src/pdantler/lifecycle.o
 .group         0x0000000000000000        0xc build/src/pdantler/lifecycle.o
 .group         0x0000000000000000        0xc build/src/pdantler/lifecycle.o
 .group         0x0000000000000000        0xc build/src/pdantler/lifecycle.o
 .group         0x0000000000000000        0xc build/src/pdantler/lifecycle.o
 .group         0x0000000000000000        0xc build/src/pdantler/lifecycle.o
 .group         0x0000000000000000        0xc build/src/pdantler/lifecycle.o
 .text          0x0000000000000000        0x0 build/src/pdantler/lifecycle.o
 .data          0x0000000000000000        0x0 build/src/pdantler/lifecycle.o
 .bss           0x0000000000000000        0x0 build/src/pdantler/lifecycle.o
 .debug_macro   0x0000000000000000      0xa78 build/src/pdantler/lifecycle.o
 .debug_macro   0x0000000000000000      0x34e build/src/pdantler/lifecycle.o
 .debug_macro   0x0000000000000000       0x18 build/src/pdantler/lifecycle.o
 .debug_macro   0x0000000000000000       0x22 build/src/pdantler/lifecycle.o
 .debug_macro   0x0000000000000000       0x52 build/src/pdantler/lifecycle.o
 .debug_macro   0x0000000000000000       0x94 build/src/pdantler/lifecycle.o
 .debug_macro   0x0000000000000000       0x35 build/src/pdantler/lifecycle.o
 .debug_macro   0x0000000000000000       0x34 build/src/pdantler/lifecycle.o
 .debug_macro   0x0000000000000000       0x16 build/src/pdantler/lifecycle.o
 .debug_macro   0x0000000000000000      0x10e build/src/pdantler/lifecycle.o
 .debug_macro   0x0000000000000000       0x8d build/src/pdantler/lifecycle.o
 .debug_macro   0x0000000000000000       0x16 build/src/pdantler/lifecycle.o
 .debug_macro   0x0000000000000000       0x43 build/src/pdantler/lifecycle.o
 .debug_macro   0x0000000000000000       0x57 build/src/pdantler/lifecycle.o
 .debug_macro   0x0000000000000000       0x34 build/src/pdantler/lifecycle.o
 .debug_macro   0x0000000000000000       0x10 build/src/pdantler/lifecycle.o
 .debug_macro   0x0000000000000000       0x52 build/src/pdantler/lifecycle.o
 .debug_macro   0x0000000000000000      0x182 build/src/pdantler/lifecycle.o
 .debug_macro   0x0000000000000000      0x333 build/src/pdantler/lifecycle.o
 .debug_macro   0x0000000000000000       0x16 build/src/pdantler/lifecycle.o
 .debug_macro   0x0000000000000000       0x29 build/src/pdantler/lifecycle.o
 .debug_macro   0x0000000000000000       0x28 build/src/pdantler/lifecycle.o
 .debug_macro   0x0000000000000000       0x16 build/src/pdantler/lifecycle.o
 .debug_macro   0x0000000000000000       0x35 build/src/pdantler/lifecycle.o
 .debug_macro   0x0000000000000000       0x1c build/src/pdantler/lifecycle.o
 .debug_macro   0x0000000000000000       0x22 build/src/pdantler/lifecycle.o
 .debug_macro   0x0000000000000000      0x1a9 build/src/pdantler/lifecycle.o
 .debug_macro   0x0000000000000000       0x10 build/src/pdantler/lifecycle.o
 .debug_macro   0x0000000000000000       0x22 build/src/pdantler/lifecycle.o
 .debug_macro   0x0000000000000000       0x1c build/src/pdantler/lifecycle.o
 .debug_macro   0x0000000000000000       0x23 build/src/pdantler/lifecycle.o
 .debug_macro   0x0000000000000000       0x1c build/src/pdantler/lifecycle.o
 .debug_macro   0x0000000000000000       0x10 build/src/pdantler/lifecycle.o
 .debug_macro   0x0000000000000000       0x10 build/src/pdantler/lifecycle.o
 .debug_macro   0x0000000000000000       0x6a build/src/pdantler/lifecycle.o
 .debug_macro   0x0000000000000000       0x1c build/src/pdantler/lifecycle.o
 .debug_macro   0x0000000000000000       0x52 build/src/pdantler/lifecycle.o
 .debug_macro   0x0000000000000000       0x22 build/src/pdantler/lifecycle.o
 .debug_macro   0x0000000000000000       0x10 build/src/pdantler/lifecycle.o
 .debug_macro   0x0000000000000000       0x40 build/src/pdantler/lifecycle.o
 .debug_macro   0x0000000000000000       0xd5 build/src/pdantler/lifecycle.o
 .debug_macro   0x0000000000000000       0x1c build/src/pdantler/lifecycle.o
 .debug_macro   0x0000000000000000       0x3d build/src/pdantler/lifecycle.o
 .debug_macro   0x0000000000000000       0x16 build/src/pdantler/lifecycle.o
 .debug_macro   0x0000000000000000      0x15a build/src/pdantler/lifecycle.o
 .debug_macro   0x0000000000000000       0x12 build/src/pdantler/lifecycle.o
 .group         0x0000000000000000        0xc build/src/pdantler/utils.o
 .group         0x0000000000000000        0xc build/src/pdantler/utils.o
 .group         0x0000000000000000        0xc build/src/pdantler/utils.o
 .group         0x0000000000000000        0xc build/src/pdantler/utils.o
 .group         0x0000000000000000        0xc build/src/pdantler/utils.o
 .group         0x0000000000000000        0xc build/src/pdantler/utils.o
 .group         0x0000000000000000        0xc build/src/pdantler/utils.o
 .group         0x0000000000000000        0xc build/src/pdantler/utils.o
 .group         0x0000000000000000        0xc build/src/pdantler/utils.o
 .group         0x0000000000000000        0xc build/src/pdantler/utils.o
 .group         0x0000000000000000        0xc build/src/pdantler/utils.o
 .group         0x0000000000000000        0xc build/src/pdantler/utils.o
 .group         0x0000000000000000        0xc build/src/pdantler/utils.o
 .group         0x0000000000000000        0xc build/src/pdantler/utils.o
 .group         0x0000000000000000        0xc build/src/pdantler/utils.o
 .group         0x0000000000000000        0xc build/src/pdantler/utils.o
 .group         0x0000000000000000        0xc build/src/pdantler/utils.o
 .group         0x0000000000000000        0xc build/src/pdantler/utils.o
 .group         0x0000000000000000        0xc build/src/pdantler/utils.o
 .group         0x0000000000000000        0xc build/src/pdantler/utils.o
 .group         0x0000000000000000        0xc build/src/pdantler/utils.o
 .group         0x0000000000000000        0xc build/src/pdantler/utils.o
 .group         0x0000000000000000        0xc build/src/pdantler/utils.o
 .group         0x0000000000000000        0xc build/src/pdantler/utils.o
 .group         0x0000000000000000        0xc build/src/pdantler/utils.o
 .group         0x0000000000000000        0xc build/src/pdantler/utils.o
 .group         0x0000000000000000        0xc build/src/pdantler/utils.o
 .group         0x0000000000000000        0xc build/src/pdantler/utils.o
 .group         0x0000000000000000        0xc build/src/pdantler/utils.o
 .group         0x0000000000000000        0xc build/src/pdantler/utils.o
 .group         0x0000000000000000        0xc build/src/pdantler/utils.o
 .group         0x0000000000000000        0xc build/src/pdantler/utils.o
 .group         0x0000000000000000        0xc build/src/pdantler/utils.o
 .group         0x0000000000000000        0xc build/src/pdantler/utils.o
 .group         0x0000000000000000        0xc build/src/pdantler/utils.o
 .group         0x0000000000000000        0xc build/src/pdantler/utils.o
 .group         0x0000000000000000        0xc build/src/pdantler/utils.o
 .group         0x0000000000000000        0xc build/src/pdantler/utils.o
 .group         0x0000000000000000        0xc build/src/pdantler/utils.o
 .group         0x0000000000000000        0xc build/src/pdantler/utils.o
 .group         0x0000000000000000        0xc build/src/pdantler/utils.o
 .group         0x0000000000000000        0xc build/src/pdantler/utils.o
 .group         0x0000000000000000        0xc build/src/pdantler/utils.o
 .group         0x0000000000000000        0xc build/src/pdantler/utils.o
 .group         0x0000000000000000        0xc build/src/pdantler/utils.o
 .group         0x0000000000000000        0xc build/src/pdantler/utils.o
 .text          0x0000000000000000        0x0 build/src/pdantler/utils.o
 .data          0x0000000000000000        0x0 build/src/pdantler/utils.o
 .bss           0x0000000000000000        0x0 build/src/pdantler/utils.o
 .text.pdantler_channel_start
                0x0000000000000000       0x64 build/src/pdantler/utils.o
 .text.pdantler_channel_stop
                0x0000000000000000       0x3c build/src/pdantler/utils.o
 .text.pdantler_channel_set_paused
                0x0000000000000000       0x30 build/src/pdantler/utils.o
 .debug_macro   0x0000000000000000      0xa78 build/src/pdantler/utils.o
 .debug_macro   0x0000000000000000      0x34e build/src/pdantler/utils.o
 .debug_macro   0x0000000000000000       0x18 build/src/pdantler/utils.o
 .debug_macro   0x0000000000000000       0x22 build/src/pdantler/utils.o
 .debug_macro   0x0000000000000000       0x52 build/src/pdantler/utils.o
 .debug_macro   0x0000000000000000       0x94 build/src/pdantler/utils.o
 .debug_macro   0x0000000000000000       0x35 build/src/pdantler/utils.o
 .debug_macro   0x0000000000000000       0x34 build/src/pdantler/utils.o
 .debug_macro   0x0000000000000000       0x16 build/src/pdantler/utils.o
 .debug_macro   0x0000000000000000      0x10e build/src/pdantler/utils.o
 .debug_macro   0x0000000000000000       0x8d build/src/pdantler/utils.o
 .debug_macro   0x0000000000000000       0x16 build/src/pdantler/utils.o
 .debug_macro   0x0000000000000000       0x43 build/src/pdantler/utils.o
 .debug_macro   0x0000000000000000       0x57 build/src/pdantler/utils.o
 .debug_macro   0x0000000000000000       0x34 build/src/pdantler/utils.o
 .debug_macro   0x0000000000000000       0x10 build/src/pdantler/utils.o
 .debug_macro   0x0000000000000000       0x52 build/src/pdantler/utils.o
 .debug_macro   0x0000000000000000      0x182 build/src/pdantler/utils.o
 .debug_macro   0x0000000000000000      0x333 build/src/pdantler/utils.o
 .debug_macro   0x0000000000000000       0x16 build/src/pdantler/utils.o
 .debug_macro   0x0000000000000000       0x29 build/src/pdantler/utils.o
 .debug_macro   0x0000000000000000       0x28 build/src/pdantler/utils.o
 .debug_macro   0x0000000000000000       0x16 build/src/pdantler/utils.o
 .debug_macro   0x0000000000000000       0x35 build/src/pdantler/utils.o
 .debug_macro   0x0000000000000000       0x1c build/src/pdantler/utils.o
 .debug_macro   0x0000000000000000       0x22 build/src/pdantler/utils.o
 .debug_macro   0x0000000000000000      0x1a9 build/src/pdantler/utils.o
 .debug_macro   0x0000000000000000       0x10 build/src/pdantler/utils.o
 .debug_macro   0x0000000000000000       0x22 build/src/pdantler/utils.o
 .debug_macro   0x0000000000000000       0x1c build/src/pdantler/utils.o
 .debug_macro   0x0000000000000000       0x23 build/src/pdantler/utils.o
 .debug_macro   0x0000000000000000       0x1c build/src/pdantler/utils.o
 .debug_macro   0x0000000000000000       0x10 build/src/pdantler/utils.o
 .debug_macro   0x0000000000000000       0x10 build/src/pdantler/utils.o
 .debug_macro   0x0000000000000000       0x6a build/src/pdantler/utils.o
 .debug_macro   0x0000000000000000       0x1c build/src/pdantler/utils.o
 .debug_macro   0x0000000000000000       0x52 build/src/pdantler/utils.o
 .debug_macro   0x0000000000000000       0x22 build/src/pdantler/utils.o
 .debug_macro   0x0000000000000000       0x10 build/src/pdantler/utils.o
 .debug_macro   0x0000000000000000       0x40 build/src/pdantler/utils.o
 .debug_macro   0x0000000000000000       0xd5 build/src/pdantler/utils.o
 .debug_macro   0x0000000000000000       0x1c build/src/pdantler/utils.o
 .debug_macro   0x0000000000000000       0x3d build/src/pdantler/utils.o
 .debug_macro   0x0000000000000000       0x16 build/src/pdantler/utils.o
 .debug_macro   0x0000000000000000      0x15a build/src/pdantler/utils.o
 .debug_macro   0x0000000000000000       0x12 build/src/pdantler/utils.o
 .group         0x0000000000000000        0xc build/src/pdantler/pdlogger.o
 .group         0x0000000000000000        0xc build/src/pdantler/pdlogger.o
 .group         0x0000000000000000        0xc build/src/pdantler/pdlogger.o
 .group         0x0000000000000000        0xc build/src/pdantler/pdlogger.o
 .group         0x0000000000000000        0xc build/src/pdantler/pdlogger.o
 .text          0x0000000000000000        0x0 build/src/pdantler/pdlogger.o
 .data          0x0000000000000000        0x0 build/src/pdantler/pdlogger.o
 .bss           0x0000000000000000        0x0 build/src/pdantler/pdlogger.o
 .text._putchar
                0x0000000000000000        0x4 build/src/pdantler/pdlogger.o
 .debug_macro   0x0000000000000000      0xa78 build/src/pdantler/pdlogger.o
 .debug_macro   0x0000000000000000       0x10 build/src/pdantler/pdlogger.o
 .group         0x0000000000000000        0xc build/src/pdantler/printf.o
 .group         0x0000000000000000        0xc build/src/pdantler/printf.o
 .group         0x0000000000000000        0xc build/src/pdantler/printf.o
 .group         0x0000000000000000        0xc build/src/pdantler/printf.o
 .group         0x0000000000000000        0xc build/src/pdantler/printf.o
 .group         0x0000000000000000        0xc build/src/pdantler/printf.o
 .group         0x0000000000000000        0xc build/src/pdantler/printf.o
 .text          0x0000000000000000        0x0 build/src/pdantler/printf.o
 .data          0x0000000000000000        0x0 build/src/pdantler/printf.o
 .bss           0x0000000000000000        0x0 build/src/pdantler/printf.o
 .text._out_char
                0x0000000000000000        0x8 build/src/pdantler/printf.o
 .text._out_fct
                0x0000000000000000        0xc build/src/pdantler/printf.o
 .text.printf_  0x0000000000000000       0x2c build/src/pdantler/printf.o
 .text.sprintf_
                0x0000000000000000       0x2c build/src/pdantler/printf.o
 .text.vprintf_
                0x0000000000000000       0x20 build/src/pdantler/printf.o
 .text.fctprintf
                0x0000000000000000       0x30 build/src/pdantler/printf.o
 .debug_macro   0x0000000000000000      0xa78 build/src/pdantler/printf.o
 .debug_macro   0x0000000000000000       0x22 build/src/pdantler/printf.o
 .debug_macro   0x0000000000000000      0x34e build/src/pdantler/printf.o
 .debug_macro   0x0000000000000000       0x58 build/src/pdantler/printf.o
 .debug_macro   0x0000000000000000      0x174 build/src/pdantler/printf.o
 .debug_macro   0x0000000000000000       0x22 build/src/pdantler/printf.o
 .group         0x0000000000000000        0xc build/src/pdantler/mooselib.o
 .group         0x0000000000000000        0xc build/src/pdantler/mooselib.o
 .group         0x0000000000000000        0xc build/src/pdantler/mooselib.o
 .group         0x0000000000000000        0xc build/src/pdantler/mooselib.o
 .group         0x0000000000000000        0xc build/src/pdantler/mooselib.o
 .group         0x0000000000000000        0xc build/src/pdantler/mooselib.o
 .group         0x0000000000000000        0xc build/src/pdantler/mooselib.o
 .group         0x0000000000000000        0xc build/src/pdantler/mooselib.o
 .group         0x0000000000000000        0xc build/src/pdantler/mooselib.o
 .group         0x0000000000000000        0xc build/src/pdantler/mooselib.o
 .group         0x0000000000000000        0xc build/src/pdantler/mooselib.o
 .group         0x0000000000000000        0xc build/src/pdantler/mooselib.o
 .group         0x0000000000000000        0xc build/src/pdantler/mooselib.o
 .group         0x0000000000000000        0xc build/src/pdantler/mooselib.o
 .group         0x0000000000000000        0xc build/src/pdantler/mooselib.o
 .group         0x0000000000000000        0xc build/src/pdantler/mooselib.o
 .group         0x0000000000000000        0xc build/src/pdantler/mooselib.o
 .group         0x0000000000000000        0xc build/src/pdantler/mooselib.o
 .group         0x0000000000000000        0xc build/src/pdantler/mooselib.o
 .group         0x0000000000000000        0xc build/src/pdantler/mooselib.o
 .group         0x0000000000000000        0xc build/src/pdantler/mooselib.o
 .group         0x0000000000000000        0xc build/src/pdantler/mooselib.o
 .group         0x0000000000000000        0xc build/src/pdantler/mooselib.o
 .group         0x0000000000000000        0xc build/src/pdantler/mooselib.o
 .group         0x0000000000000000        0xc build/src/pdantler/mooselib.o
 .group         0x0000000000000000        0xc build/src/pdantler/mooselib.o
 .group         0x0000000000000000        0xc build/src/pdantler/mooselib.o
 .group         0x0000000000000000        0xc build/src/pdantler/mooselib.o
 .group         0x0000000000000000        0xc build/src/pdantler/mooselib.o
 .group         0x0000000000000000        0xc build/src/pdantler/mooselib.o
 .group         0x0000000000000000        0xc build/src/pdantler/mooselib.o
 .group         0x0000000000000000        0xc build/src/pdantler/mooselib.o
 .group         0x0000000000000000        0xc build/src/pdantler/mooselib.o
 .group         0x0000000000000000        0xc build/src/pdantler/mooselib.o
 .group         0x0000000000000000        0xc build/src/pdantler/mooselib.o
 .group         0x0000000000000000        0xc build/src/pdantler/mooselib.o
 .group         0x0000000000000000        0xc build/src/pdantler/mooselib.o
 .group         0x0000000000000000        0xc build/src/pdantler/mooselib.o
 .group         0x0000000000000000        0xc build/src/pdantler/mooselib.o
 .group         0x0000000000000000        0xc build/src/pdantler/mooselib.o
 .group         0x0000000000000000        0xc build/src/pdantler/mooselib.o
 .text          0x0000000000000000        0x0 build/src/pdantler/mooselib.o
 .data          0x0000000000000000        0x0 build/src/pdantler/mooselib.o
 .bss           0x0000000000000000        0x0 build/src/pdantler/mooselib.o
 .text.mlib_strcpy
                0x0000000000000000       0x40 build/src/pdantler/mooselib.o
 .text.mlib_streq
                0x0000000000000000       0x44 build/src/pdantler/mooselib.o
 .debug_info    0x0000000000000000      0x16a build/src/pdantler/mooselib.o
 .debug_abbrev  0x0000000000000000       0xcd build/src/pdantler/mooselib.o
 .debug_loc     0x0000000000000000      0x1c6 build/src/pdantler/mooselib.o
 .debug_aranges
                0x0000000000000000       0x28 build/src/pdantler/mooselib.o
 .debug_ranges  0x0000000000000000       0x18 build/src/pdantler/mooselib.o
 .debug_macro   0x0000000000000000      0x238 build/src/pdantler/mooselib.o
 .debug_macro   0x0000000000000000      0xa78 build/src/pdantler/mooselib.o
 .debug_macro   0x0000000000000000       0x22 build/src/pdantler/mooselib.o
 .debug_macro   0x0000000000000000       0x52 build/src/pdantler/mooselib.o
 .debug_macro   0x0000000000000000       0x18 build/src/pdantler/mooselib.o
 .debug_macro   0x0000000000000000       0x94 build/src/pdantler/mooselib.o
 .debug_macro   0x0000000000000000       0x35 build/src/pdantler/mooselib.o
 .debug_macro   0x0000000000000000       0x34 build/src/pdantler/mooselib.o
 .debug_macro   0x0000000000000000      0x174 build/src/pdantler/mooselib.o
 .debug_macro   0x0000000000000000       0x16 build/src/pdantler/mooselib.o
 .debug_macro   0x0000000000000000       0x43 build/src/pdantler/mooselib.o
 .debug_macro   0x0000000000000000       0x57 build/src/pdantler/mooselib.o
 .debug_macro   0x0000000000000000       0x34 build/src/pdantler/mooselib.o
 .debug_macro   0x0000000000000000       0x10 build/src/pdantler/mooselib.o
 .debug_macro   0x0000000000000000       0x52 build/src/pdantler/mooselib.o
 .debug_macro   0x0000000000000000      0x182 build/src/pdantler/mooselib.o
 .debug_macro   0x0000000000000000      0x333 build/src/pdantler/mooselib.o
 .debug_macro   0x0000000000000000      0x1a9 build/src/pdantler/mooselib.o
 .debug_macro   0x0000000000000000       0x22 build/src/pdantler/mooselib.o
 .debug_macro   0x0000000000000000       0x16 build/src/pdantler/mooselib.o
 .debug_macro   0x0000000000000000       0x1c build/src/pdantler/mooselib.o
 .debug_macro   0x0000000000000000       0x16 build/src/pdantler/mooselib.o
 .debug_macro   0x0000000000000000       0x35 build/src/pdantler/mooselib.o
 .debug_macro   0x0000000000000000       0x16 build/src/pdantler/mooselib.o
 .debug_macro   0x0000000000000000       0x29 build/src/pdantler/mooselib.o
 .debug_macro   0x0000000000000000       0x19 build/src/pdantler/mooselib.o
 .debug_macro   0x0000000000000000       0x1c build/src/pdantler/mooselib.o
 .debug_macro   0x0000000000000000       0x10 build/src/pdantler/mooselib.o
 .debug_macro   0x0000000000000000       0x10 build/src/pdantler/mooselib.o
 .debug_macro   0x0000000000000000       0x6a build/src/pdantler/mooselib.o
 .debug_macro   0x0000000000000000       0x1c build/src/pdantler/mooselib.o
 .debug_macro   0x0000000000000000       0x52 build/src/pdantler/mooselib.o
 .debug_macro   0x0000000000000000       0x22 build/src/pdantler/mooselib.o
 .debug_macro   0x0000000000000000       0x10 build/src/pdantler/mooselib.o
 .debug_macro   0x0000000000000000       0x40 build/src/pdantler/mooselib.o
 .debug_macro   0x0000000000000000       0xd5 build/src/pdantler/mooselib.o
 .debug_macro   0x0000000000000000       0x1c build/src/pdantler/mooselib.o
 .debug_macro   0x0000000000000000       0x3d build/src/pdantler/mooselib.o
 .debug_macro   0x0000000000000000       0x16 build/src/pdantler/mooselib.o
 .debug_macro   0x0000000000000000      0x16f build/src/pdantler/mooselib.o
 .debug_macro   0x0000000000000000       0x16 build/src/pdantler/mooselib.o
 .debug_macro   0x0000000000000000       0x12 build/src/pdantler/mooselib.o
 .debug_line    0x0000000000000000      0x36d build/src/pdantler/mooselib.o
 .debug_str     0x0000000000000000     0x776a build/src/pdantler/mooselib.o
 .comment       0x0000000000000000       0x34 build/src/pdantler/mooselib.o
 .debug_frame   0x0000000000000000       0x44 build/src/pdantler/mooselib.o
 .ARM.attributes
                0x0000000000000000       0x34 build/src/pdantler/mooselib.o
 .group         0x0000000000000000        0xc build/src/scenes/scene_game.o
 .group         0x0000000000000000        0xc build/src/scenes/scene_game.o
 .group         0x0000000000000000        0xc build/src/scenes/scene_game.o
 .group         0x0000000000000000        0xc build/src/scenes/scene_game.o
 .group         0x0000000000000000        0xc build/src/scenes/scene_game.o
 .group         0x0000000000000000        0xc build/src/scenes/scene_game.o
 .group         0x0000000000000000        0xc build/src/scenes/scene_game.o
 .group         0x0000000000000000        0xc build/src/scenes/scene_game.o
 .group         0x0000000000000000        0xc build/src/scenes/scene_game.o
 .group         0x0000000000000000        0xc build/src/scenes/scene_game.o
 .group         0x0000000000000000        0xc build/src/scenes/scene_game.o
 .group         0x0000000000000000        0xc build/src/scenes/scene_game.o
 .group         0x0000000000000000        0xc build/src/scenes/scene_game.o
 .group         0x0000000000000000        0xc build/src/scenes/scene_game.o
 .group         0x0000000000000000        0xc build/src/scenes/scene_game.o
 .group         0x0000000000000000        0xc build/src/scenes/scene_game.o
 .group         0x0000000000000000        0xc build/src/scenes/scene_game.o
 .group         0x0000000000000000        0xc build/src/scenes/scene_game.o
 .group         0x0000000000000000        0xc build/src/scenes/scene_game.o
 .group         0x0000000000000000        0xc build/src/scenes/scene_game.o
 .group         0x0000000000000000        0xc build/src/scenes/scene_game.o
 .group         0x0000000000000000        0xc build/src/scenes/scene_game.o
 .group         0x0000000000000000        0xc build/src/scenes/scene_game.o
 .group         0x0000000000000000        0xc build/src/scenes/scene_game.o
 .group         0x0000000000000000        0xc build/src/scenes/scene_game.o
 .group         0x0000000000000000        0xc build/src/scenes/scene_game.o
 .group         0x0000000000000000        0xc build/src/scenes/scene_game.o
 .group         0x0000000000000000        0xc build/src/scenes/scene_game.o
 .group         0x0000000000000000        0xc build/src/scenes/scene_game.o
 .group         0x0000000000000000        0xc build/src/scenes/scene_game.o
 .group         0x0000000000000000        0xc build/src/scenes/scene_game.o
 .group         0x0000000000000000        0xc build/src/scenes/scene_game.o
 .group         0x0000000000000000        0xc build/src/scenes/scene_game.o
 .group         0x0000000000000000        0xc build/src/scenes/scene_game.o
 .group         0x0000000000000000        0xc build/src/scenes/scene_game.o
 .group         0x0000000000000000        0xc build/src/scenes/scene_game.o
 .group         0x0000000000000000        0xc build/src/scenes/scene_game.o
 .group         0x0000000000000000        0xc build/src/scenes/scene_game.o
 .group         0x0000000000000000        0xc build/src/scenes/scene_game.o
 .group         0x0000000000000000        0xc build/src/scenes/scene_game.o
 .group         0x0000000000000000        0xc build/src/scenes/scene_game.o
 .group         0x0000000000000000        0xc build/src/scenes/scene_game.o
 .group         0x0000000000000000        0xc build/src/scenes/scene_game.o
 .group         0x0000000000000000        0xc build/src/scenes/scene_game.o
 .group         0x0000000000000000        0xc build/src/scenes/scene_game.o
 .group         0x0000000000000000        0xc build/src/scenes/scene_game.o
 .group         0x0000000000000000        0xc build/src/scenes/scene_game.o
 .group         0x0000000000000000        0xc build/src/scenes/scene_game.o
 .text          0x0000000000000000        0x0 build/src/scenes/scene_game.o
 .data          0x0000000000000000        0x0 build/src/scenes/scene_game.o
 .bss           0x0000000000000000        0x0 build/src/scenes/scene_game.o
 .text.pause_game
                0x0000000000000000        0x4 build/src/scenes/scene_game.o
 .text.unpause_game
                0x0000000000000000        0x4 build/src/scenes/scene_game.o
 .debug_macro   0x0000000000000000      0xa78 build/src/scenes/scene_game.o
 .debug_macro   0x0000000000000000      0x34e build/src/scenes/scene_game.o
 .debug_macro   0x0000000000000000       0x18 build/src/scenes/scene_game.o
 .debug_macro   0x0000000000000000       0x22 build/src/scenes/scene_game.o
 .debug_macro   0x0000000000000000       0x52 build/src/scenes/scene_game.o
 .debug_macro   0x0000000000000000       0x94 build/src/scenes/scene_game.o
 .debug_macro   0x0000000000000000       0x35 build/src/scenes/scene_game.o
 .debug_macro   0x0000000000000000       0x34 build/src/scenes/scene_game.o
 .debug_macro   0x0000000000000000       0x16 build/src/scenes/scene_game.o
 .debug_macro   0x0000000000000000      0x10e build/src/scenes/scene_game.o
 .debug_macro   0x0000000000000000       0x8d build/src/scenes/scene_game.o
 .debug_macro   0x0000000000000000       0x16 build/src/scenes/scene_game.o
 .debug_macro   0x0000000000000000       0x43 build/src/scenes/scene_game.o
 .debug_macro   0x0000000000000000       0x57 build/src/scenes/scene_game.o
 .debug_macro   0x0000000000000000       0x34 build/src/scenes/scene_game.o
 .debug_macro   0x0000000000000000       0x10 build/src/scenes/scene_game.o
 .debug_macro   0x0000000000000000       0x52 build/src/scenes/scene_game.o
 .debug_macro   0x0000000000000000      0x182 build/src/scenes/scene_game.o
 .debug_macro   0x0000000000000000      0x333 build/src/scenes/scene_game.o
 .debug_macro   0x0000000000000000       0x16 build/src/scenes/scene_game.o
 .debug_macro   0x0000000000000000       0x29 build/src/scenes/scene_game.o
 .debug_macro   0x0000000000000000       0x28 build/src/scenes/scene_game.o
 .debug_macro   0x0000000000000000       0x16 build/src/scenes/scene_game.o
 .debug_macro   0x0000000000000000       0x35 build/src/scenes/scene_game.o
 .debug_macro   0x0000000000000000       0x1c build/src/scenes/scene_game.o
 .debug_macro   0x0000000000000000       0x22 build/src/scenes/scene_game.o
 .debug_macro   0x0000000000000000      0x1a9 build/src/scenes/scene_game.o
 .debug_macro   0x0000000000000000       0x10 build/src/scenes/scene_game.o
 .debug_macro   0x0000000000000000       0x22 build/src/scenes/scene_game.o
 .debug_macro   0x0000000000000000       0x1c build/src/scenes/scene_game.o
 .debug_macro   0x0000000000000000       0x23 build/src/scenes/scene_game.o
 .debug_macro   0x0000000000000000       0x1c build/src/scenes/scene_game.o
 .debug_macro   0x0000000000000000       0x10 build/src/scenes/scene_game.o
 .debug_macro   0x0000000000000000       0x10 build/src/scenes/scene_game.o
 .debug_macro   0x0000000000000000       0x6a build/src/scenes/scene_game.o
 .debug_macro   0x0000000000000000       0x1c build/src/scenes/scene_game.o
 .debug_macro   0x0000000000000000       0x52 build/src/scenes/scene_game.o
 .debug_macro   0x0000000000000000       0x22 build/src/scenes/scene_game.o
 .debug_macro   0x0000000000000000       0x10 build/src/scenes/scene_game.o
 .debug_macro   0x0000000000000000       0x40 build/src/scenes/scene_game.o
 .debug_macro   0x0000000000000000       0xd5 build/src/scenes/scene_game.o
 .debug_macro   0x0000000000000000       0x1c build/src/scenes/scene_game.o
 .debug_macro   0x0000000000000000       0x3d build/src/scenes/scene_game.o
 .debug_macro   0x0000000000000000       0x16 build/src/scenes/scene_game.o
 .debug_macro   0x0000000000000000      0x15a build/src/scenes/scene_game.o
 .debug_macro   0x0000000000000000       0x12 build/src/scenes/scene_game.o
 .debug_macro   0x0000000000000000       0x22 build/src/scenes/scene_game.o
 .group         0x0000000000000000        0xc build//home/mchristensen/src/PlaydateSDK-2.2.0/C_API/buildsupport/setup.o
 .group         0x0000000000000000        0xc build//home/mchristensen/src/PlaydateSDK-2.2.0/C_API/buildsupport/setup.o
 .group         0x0000000000000000        0xc build//home/mchristensen/src/PlaydateSDK-2.2.0/C_API/buildsupport/setup.o
 .group         0x0000000000000000        0xc build//home/mchristensen/src/PlaydateSDK-2.2.0/C_API/buildsupport/setup.o
 .group         0x0000000000000000        0xc build//home/mchristensen/src/PlaydateSDK-2.2.0/C_API/buildsupport/setup.o
 .group         0x0000000000000000        0xc build//home/mchristensen/src/PlaydateSDK-2.2.0/C_API/buildsupport/setup.o
 .group         0x0000000000000000        0xc build//home/mchristensen/src/PlaydateSDK-2.2.0/C_API/buildsupport/setup.o
 .group         0x0000000000000000        0xc build//home/mchristensen/src/PlaydateSDK-2.2.0/C_API/buildsupport/setup.o
 .group         0x0000000000000000        0xc build//home/mchristensen/src/PlaydateSDK-2.2.0/C_API/buildsupport/setup.o
 .group         0x0000000000000000        0xc build//home/mchristensen/src/PlaydateSDK-2.2.0/C_API/buildsupport/setup.o
 .group         0x0000000000000000        0xc build//home/mchristensen/src/PlaydateSDK-2.2.0/C_API/buildsupport/setup.o
 .group         0x0000000000000000        0xc build//home/mchristensen/src/PlaydateSDK-2.2.0/C_API/buildsupport/setup.o
 .group         0x0000000000000000        0xc build//home/mchristensen/src/PlaydateSDK-2.2.0/C_API/buildsupport/setup.o
 .group         0x0000000000000000        0xc build//home/mchristensen/src/PlaydateSDK-2.2.0/C_API/buildsupport/setup.o
 .group         0x0000000000000000        0xc build//home/mchristensen/src/PlaydateSDK-2.2.0/C_API/buildsupport/setup.o
 .group         0x0000000000000000        0xc build//home/mchristensen/src/PlaydateSDK-2.2.0/C_API/buildsupport/setup.o
 .group         0x0000000000000000        0xc build//home/mchristensen/src/PlaydateSDK-2.2.0/C_API/buildsupport/setup.o
 .group         0x0000000000000000        0xc build//home/mchristensen/src/PlaydateSDK-2.2.0/C_API/buildsupport/setup.o
 .group         0x0000000000000000        0xc build//home/mchristensen/src/PlaydateSDK-2.2.0/C_API/buildsupport/setup.o
 .group         0x0000000000000000        0xc build//home/mchristensen/src/PlaydateSDK-2.2.0/C_API/buildsupport/setup.o
 .group         0x0000000000000000        0xc build//home/mchristensen/src/PlaydateSDK-2.2.0/C_API/buildsupport/setup.o
 .group         0x0000000000000000        0xc build//home/mchristensen/src/PlaydateSDK-2.2.0/C_API/buildsupport/setup.o
 .group         0x0000000000000000        0xc build//home/mchristensen/src/PlaydateSDK-2.2.0/C_API/buildsupport/setup.o
 .group         0x0000000000000000        0xc build//home/mchristensen/src/PlaydateSDK-2.2.0/C_API/buildsupport/setup.o
 .group         0x0000000000000000        0xc build//home/mchristensen/src/PlaydateSDK-2.2.0/C_API/buildsupport/setup.o
 .group         0x0000000000000000        0xc build//home/mchristensen/src/PlaydateSDK-2.2.0/C_API/buildsupport/setup.o
 .group         0x0000000000000000        0xc build//home/mchristensen/src/PlaydateSDK-2.2.0/C_API/buildsupport/setup.o
 .text          0x0000000000000000        0x0 build//home/mchristensen/src/PlaydateSDK-2.2.0/C_API/buildsupport/setup.o
 .data          0x0000000000000000        0x0 build//home/mchristensen/src/PlaydateSDK-2.2.0/C_API/buildsupport/setup.o
 .bss           0x0000000000000000        0x0 build//home/mchristensen/src/PlaydateSDK-2.2.0/C_API/buildsupport/setup.o
 .text._malloc_r
                0x0000000000000000        0xc build//home/mchristensen/src/PlaydateSDK-2.2.0/C_API/buildsupport/setup.o
 .text._realloc_r
                0x0000000000000000       0x10 build//home/mchristensen/src/PlaydateSDK-2.2.0/C_API/buildsupport/setup.o
 .text._free_r  0x0000000000000000       0x14 build//home/mchristensen/src/PlaydateSDK-2.2.0/C_API/buildsupport/setup.o
 .debug_macro   0x0000000000000000      0xa78 build//home/mchristensen/src/PlaydateSDK-2.2.0/C_API/buildsupport/setup.o
 .debug_macro   0x0000000000000000      0x34e build//home/mchristensen/src/PlaydateSDK-2.2.0/C_API/buildsupport/setup.o
 .debug_macro   0x0000000000000000       0x18 build//home/mchristensen/src/PlaydateSDK-2.2.0/C_API/buildsupport/setup.o
 .debug_macro   0x0000000000000000       0x22 build//home/mchristensen/src/PlaydateSDK-2.2.0/C_API/buildsupport/setup.o
 .debug_macro   0x0000000000000000       0x52 build//home/mchristensen/src/PlaydateSDK-2.2.0/C_API/buildsupport/setup.o
 .debug_macro   0x0000000000000000       0x94 build//home/mchristensen/src/PlaydateSDK-2.2.0/C_API/buildsupport/setup.o
 .debug_macro   0x0000000000000000       0x35 build//home/mchristensen/src/PlaydateSDK-2.2.0/C_API/buildsupport/setup.o
 .debug_macro   0x0000000000000000       0x34 build//home/mchristensen/src/PlaydateSDK-2.2.0/C_API/buildsupport/setup.o
 .debug_macro   0x0000000000000000       0x16 build//home/mchristensen/src/PlaydateSDK-2.2.0/C_API/buildsupport/setup.o
 .debug_macro   0x0000000000000000      0x10e build//home/mchristensen/src/PlaydateSDK-2.2.0/C_API/buildsupport/setup.o
 .debug_macro   0x0000000000000000       0x8d build//home/mchristensen/src/PlaydateSDK-2.2.0/C_API/buildsupport/setup.o
 .debug_macro   0x0000000000000000       0x16 build//home/mchristensen/src/PlaydateSDK-2.2.0/C_API/buildsupport/setup.o
 .debug_macro   0x0000000000000000       0x43 build//home/mchristensen/src/PlaydateSDK-2.2.0/C_API/buildsupport/setup.o
 .debug_macro   0x0000000000000000       0x57 build//home/mchristensen/src/PlaydateSDK-2.2.0/C_API/buildsupport/setup.o
 .debug_macro   0x0000000000000000       0x34 build//home/mchristensen/src/PlaydateSDK-2.2.0/C_API/buildsupport/setup.o
 .debug_macro   0x0000000000000000       0x10 build//home/mchristensen/src/PlaydateSDK-2.2.0/C_API/buildsupport/setup.o
 .debug_macro   0x0000000000000000       0x52 build//home/mchristensen/src/PlaydateSDK-2.2.0/C_API/buildsupport/setup.o
 .debug_macro   0x0000000000000000      0x182 build//home/mchristensen/src/PlaydateSDK-2.2.0/C_API/buildsupport/setup.o
 .debug_macro   0x0000000000000000      0x333 build//home/mchristensen/src/PlaydateSDK-2.2.0/C_API/buildsupport/setup.o
 .debug_macro   0x0000000000000000       0x16 build//home/mchristensen/src/PlaydateSDK-2.2.0/C_API/buildsupport/setup.o
 .debug_macro   0x0000000000000000       0x29 build//home/mchristensen/src/PlaydateSDK-2.2.0/C_API/buildsupport/setup.o
 .debug_macro   0x0000000000000000       0x28 build//home/mchristensen/src/PlaydateSDK-2.2.0/C_API/buildsupport/setup.o
 .debug_macro   0x0000000000000000       0x16 build//home/mchristensen/src/PlaydateSDK-2.2.0/C_API/buildsupport/setup.o
 .debug_macro   0x0000000000000000       0x35 build//home/mchristensen/src/PlaydateSDK-2.2.0/C_API/buildsupport/setup.o
 .debug_macro   0x0000000000000000       0x1c build//home/mchristensen/src/PlaydateSDK-2.2.0/C_API/buildsupport/setup.o
 .debug_macro   0x0000000000000000       0x22 build//home/mchristensen/src/PlaydateSDK-2.2.0/C_API/buildsupport/setup.o
 .debug_macro   0x0000000000000000      0x1a9 build//home/mchristensen/src/PlaydateSDK-2.2.0/C_API/buildsupport/setup.o
 .text          0x0000000000000000      0x254 /usr/lib/gcc/arm-none-eabi/10.3.1/thumb/v7e-m+fp/hard/libgcc.a(_arm_muldf3.o)
 .data          0x0000000000000000        0x0 /usr/lib/gcc/arm-none-eabi/10.3.1/thumb/v7e-m+fp/hard/libgcc.a(_arm_muldf3.o)
 .bss           0x0000000000000000        0x0 /usr/lib/gcc/arm-none-eabi/10.3.1/thumb/v7e-m+fp/hard/libgcc.a(_arm_muldf3.o)
 .debug_line    0x0000000000000000      0x10c /usr/lib/gcc/arm-none-eabi/10.3.1/thumb/v7e-m+fp/hard/libgcc.a(_arm_muldf3.o)
 .debug_info    0x0000000000000000       0x26 /usr/lib/gcc/arm-none-eabi/10.3.1/thumb/v7e-m+fp/hard/libgcc.a(_arm_muldf3.o)
 .debug_abbrev  0x0000000000000000       0x14 /usr/lib/gcc/arm-none-eabi/10.3.1/thumb/v7e-m+fp/hard/libgcc.a(_arm_muldf3.o)
 .debug_aranges
                0x0000000000000000       0x20 /usr/lib/gcc/arm-none-eabi/10.3.1/thumb/v7e-m+fp/hard/libgcc.a(_arm_muldf3.o)
 .debug_str     0x0000000000000000       0xab /usr/lib/gcc/arm-none-eabi/10.3.1/thumb/v7e-m+fp/hard/libgcc.a(_arm_muldf3.o)
 .debug_frame   0x0000000000000000       0x30 /usr/lib/gcc/arm-none-eabi/10.3.1/thumb/v7e-m+fp/hard/libgcc.a(_arm_muldf3.o)
 .ARM.attributes
                0x0000000000000000       0x1e /usr/lib/gcc/arm-none-eabi/10.3.1/thumb/v7e-m+fp/hard/libgcc.a(_arm_muldf3.o)
 .data          0x0000000000000000        0x0 /usr/lib/gcc/arm-none-eabi/10.3.1/thumb/v7e-m+fp/hard/libgcc.a(_arm_addsubdf3.o)
 .bss           0x0000000000000000        0x0 /usr/lib/gcc/arm-none-eabi/10.3.1/thumb/v7e-m+fp/hard/libgcc.a(_arm_addsubdf3.o)
 .data          0x0000000000000000        0x0 /usr/lib/gcc/arm-none-eabi/10.3.1/thumb/v7e-m+fp/hard/libgcc.a(_arm_muldivdf3.o)
 .bss           0x0000000000000000        0x0 /usr/lib/gcc/arm-none-eabi/10.3.1/thumb/v7e-m+fp/hard/libgcc.a(_arm_muldivdf3.o)
 .data          0x0000000000000000        0x0 /usr/lib/gcc/arm-none-eabi/10.3.1/thumb/v7e-m+fp/hard/libgcc.a(_arm_cmpdf2.o)
 .bss           0x0000000000000000        0x0 /usr/lib/gcc/arm-none-eabi/10.3.1/thumb/v7e-m+fp/hard/libgcc.a(_arm_cmpdf2.o)
 .data          0x0000000000000000        0x0 /usr/lib/gcc/arm-none-eabi/10.3.1/thumb/v7e-m+fp/hard/libgcc.a(_arm_fixdfsi.o)
 .bss           0x0000000000000000        0x0 /usr/lib/gcc/arm-none-eabi/10.3.1/thumb/v7e-m+fp/hard/libgcc.a(_arm_fixdfsi.o)
 .data          0x0000000000000000        0x0 /usr/lib/gcc/arm-none-eabi/10.3.1/thumb/v7e-m+fp/hard/libgcc.a(_arm_fixunsdfsi.o)
 .bss           0x0000000000000000        0x0 /usr/lib/gcc/arm-none-eabi/10.3.1/thumb/v7e-m+fp/hard/libgcc.a(_arm_fixunsdfsi.o)
 .data          0x0000000000000000        0x0 /usr/lib/gcc/arm-none-eabi/10.3.1/thumb/v7e-m+fp/hard/libgcc.a(_aeabi_uldivmod.o)
 .bss           0x0000000000000000        0x0 /usr/lib/gcc/arm-none-eabi/10.3.1/thumb/v7e-m+fp/hard/libgcc.a(_aeabi_uldivmod.o)
 .data          0x0000000000000000        0x0 /usr/lib/gcc/arm-none-eabi/10.3.1/thumb/v7e-m+fp/hard/libgcc.a(_udivmoddi4.o)
 .bss           0x0000000000000000        0x0 /usr/lib/gcc/arm-none-eabi/10.3.1/thumb/v7e-m+fp/hard/libgcc.a(_udivmoddi4.o)
 .ARM.extab     0x0000000000000000        0x0 /usr/lib/gcc/arm-none-eabi/10.3.1/thumb/v7e-m+fp/hard/libgcc.a(_udivmoddi4.o)
 .ARM.exidx     0x0000000000000000        0x8 /usr/lib/gcc/arm-none-eabi/10.3.1/thumb/v7e-m+fp/hard/libgcc.a(_udivmoddi4.o)
 .data          0x0000000000000000        0x0 /usr/lib/gcc/arm-none-eabi/10.3.1/thumb/v7e-m+fp/hard/libgcc.a(_dvmd_tls.o)
 .bss           0x0000000000000000        0x0 /usr/lib/gcc/arm-none-eabi/10.3.1/thumb/v7e-m+fp/hard/libgcc.a(_dvmd_tls.o)
 .data          0x0000000000000000        0x0 /usr/lib/gcc/arm-none-eabi/10.3.1/../../../arm-none-eabi/lib/thumb/v7e-m+fp/hard/libg.a(lib_a-memset.o)
 .bss           0x0000000000000000        0x0 /usr/lib/gcc/arm-none-eabi/10.3.1/../../../arm-none-eabi/lib/thumb/v7e-m+fp/hard/libg.a(lib_a-memset.o)
 .data          0x0000000000000000        0x0 /usr/lib/gcc/arm-none-eabi/10.3.1/../../../arm-none-eabi/lib/thumb/v7e-m+fp/hard/libg.a(lib_a-strlen.o)
 .bss           0x0000000000000000        0x0 /usr/lib/gcc/arm-none-eabi/10.3.1/../../../arm-none-eabi/lib/thumb/v7e-m+fp/hard/libg.a(lib_a-strlen.o)

Memory Configuration

Name             Origin             Length             Attributes
*default*        0x0000000000000000 0xffffffffffffffff

Linker script and memory map

LOAD build/src/pdantler/main.o
LOAD build/src/pdantler/lifecycle.o
LOAD build/src/pdantler/utils.o
LOAD build/src/pdantler/pdlogger.o
LOAD build/src/pdantler/printf.o
LOAD build/src/pdantler/mooselib.o
LOAD build/src/scenes/scene_game.o
LOAD build//home/mchristensen/src/PlaydateSDK-2.2.0/C_API/buildsupport/setup.o
START GROUP
LOAD /usr/lib/gcc/arm-none-eabi/10.3.1/thumb/v7e-m+fp/hard/libgcc.a
LOAD /usr/lib/gcc/arm-none-eabi/10.3.1/../../../arm-none-eabi/lib/thumb/v7e-m+fp/hard/libg.a
LOAD /usr/lib/gcc/arm-none-eabi/10.3.1/../../../arm-none-eabi/lib/thumb/v7e-m+fp/hard/libc.a
END GROUP
START GROUP
LOAD /usr/lib/gcc/arm-none-eabi/10.3.1/thumb/v7e-m+fp/hard/libgcc.a
LOAD /usr/lib/gcc/arm-none-eabi/10.3.1/../../../arm-none-eabi/lib/thumb/v7e-m+fp/hard/libc.a
LOAD /usr/lib/gcc/arm-none-eabi/10.3.1/../../../arm-none-eabi/lib/thumb/v7e-m+fp/hard/libm.a
END GROUP

.text           0x0000000000000000     0x310a
 *(.text)
 .text          0x0000000000000000      0x378 /usr/lib/gcc/arm-none-eabi/10.3.1/thumb/v7e-m+fp/hard/libgcc.a(_arm_addsubdf3.o)
                0x0000000000000000                __aeabi_drsub
                0x0000000000000008                __aeabi_dsub
                0x0000000000000008                __subdf3
                0x000000000000000c                __adddf3
                0x000000000000000c                __aeabi_dadd
                0x0000000000000284                __aeabi_ui2d
                0x0000000000000284                __floatunsidf
                0x00000000000002a4                __floatsidf
                0x00000000000002a4                __aeabi_i2d
                0x00000000000002c8                __extendsfdf2
                0x00000000000002c8                __aeabi_f2d
                0x000000000000030c                __aeabi_ul2d
                0x000000000000030c                __floatundidf
                0x000000000000031c                __floatdidf
                0x000000000000031c                __aeabi_l2d
 .text          0x0000000000000378      0x424 /usr/lib/gcc/arm-none-eabi/10.3.1/thumb/v7e-m+fp/hard/libgcc.a(_arm_muldivdf3.o)
                0x0000000000000378                __aeabi_dmul
                0x0000000000000378                __muldf3
                0x00000000000005cc                __aeabi_ddiv
                0x00000000000005cc                __divdf3
 .text          0x000000000000079c      0x110 /usr/lib/gcc/arm-none-eabi/10.3.1/thumb/v7e-m+fp/hard/libgcc.a(_arm_cmpdf2.o)
                0x000000000000079c                __gtdf2
                0x000000000000079c                __gedf2
                0x00000000000007a4                __ltdf2
                0x00000000000007a4                __ledf2
                0x00000000000007ac                __cmpdf2
                0x00000000000007ac                __eqdf2
                0x00000000000007ac                __nedf2
                0x0000000000000828                __aeabi_cdrcmple
                0x0000000000000838                __aeabi_cdcmple
                0x0000000000000838                __aeabi_cdcmpeq
                0x0000000000000848                __aeabi_dcmpeq
                0x000000000000085c                __aeabi_dcmplt
                0x0000000000000870                __aeabi_dcmple
                0x0000000000000884                __aeabi_dcmpge
                0x0000000000000898                __aeabi_dcmpgt
 .text          0x00000000000008ac       0x50 /usr/lib/gcc/arm-none-eabi/10.3.1/thumb/v7e-m+fp/hard/libgcc.a(_arm_fixdfsi.o)
                0x00000000000008ac                __fixdfsi
                0x00000000000008ac                __aeabi_d2iz
 .text          0x00000000000008fc       0x40 /usr/lib/gcc/arm-none-eabi/10.3.1/thumb/v7e-m+fp/hard/libgcc.a(_arm_fixunsdfsi.o)
                0x00000000000008fc                __fixunsdfsi
                0x00000000000008fc                __aeabi_d2uiz
 .text          0x000000000000093c       0x30 /usr/lib/gcc/arm-none-eabi/10.3.1/thumb/v7e-m+fp/hard/libgcc.a(_aeabi_uldivmod.o)
                0x000000000000093c                __aeabi_uldivmod
 .text          0x000000000000096c      0x2d0 /usr/lib/gcc/arm-none-eabi/10.3.1/thumb/v7e-m+fp/hard/libgcc.a(_udivmoddi4.o)
                0x000000000000096c                __udivmoddi4
 .text          0x0000000000000c3c        0x4 /usr/lib/gcc/arm-none-eabi/10.3.1/thumb/v7e-m+fp/hard/libgcc.a(_dvmd_tls.o)
                0x0000000000000c3c                __aeabi_ldiv0
                0x0000000000000c3c                __aeabi_idiv0
 .text          0x0000000000000c40       0xa4 /usr/lib/gcc/arm-none-eabi/10.3.1/../../../arm-none-eabi/lib/thumb/v7e-m+fp/hard/libg.a(lib_a-memset.o)
                0x0000000000000c40                memset
 *fill*         0x0000000000000ce4       0x1c 
 .text          0x0000000000000d00       0xdc /usr/lib/gcc/arm-none-eabi/10.3.1/../../../arm-none-eabi/lib/thumb/v7e-m+fp/hard/libg.a(lib_a-strlen.o)
                0x0000000000000d00                strlen
 *(.text.*)
 *fill*         0x0000000000000ddc        0x4 
 .text.pd_appender
                0x0000000000000de0        0x8 build/src/pdantler/main.o
                0x0000000000000de0                pd_appender
 *fill*         0x0000000000000de8        0x8 
 .text.update   0x0000000000000df0       0x68 build/src/pdantler/main.o
 *fill*         0x0000000000000e58        0x8 
 .text.eventHandler
                0x0000000000000e60       0x74 build/src/pdantler/main.o
                0x0000000000000e60                eventHandler
 *fill*         0x0000000000000ed4        0xc 
 .text.pdantler_switch_to_scene
                0x0000000000000ee0       0xdc build/src/pdantler/lifecycle.o
                0x0000000000000ee0                pdantler_switch_to_scene
 *fill*         0x0000000000000fbc        0x4 
 .text.lifecycle_init_game
                0x0000000000000fc0      0x200 build/src/pdantler/lifecycle.o
                0x0000000000000fc0                lifecycle_init_game
 .text.pdantler_debounce_input
                0x00000000000011c0       0x50 build/src/pdantler/utils.o
                0x00000000000011c0                pdantler_debounce_input
 .text.pdlogger_register_appender
                0x0000000000001210        0xc build/src/pdantler/pdlogger.o
                0x0000000000001210                pdlogger_register_appender
 *fill*         0x000000000000121c        0x4 
 .text.pdlogger_info
                0x0000000000001220       0x50 build/src/pdantler/pdlogger.o
                0x0000000000001220                pdlogger_info
 .text.pdlogger_error
                0x0000000000001270       0x58 build/src/pdantler/pdlogger.o
                0x0000000000001270                pdlogger_error
 *fill*         0x00000000000012c8        0x8 
 .text._out_buffer
                0x00000000000012d0        0x8 build/src/pdantler/printf.o
 *fill*         0x00000000000012d8        0x8 
 .text._out_null
                0x00000000000012e0        0x4 build/src/pdantler/printf.o
 *fill*         0x00000000000012e4        0xc 
 .text._out_rev
                0x00000000000012f0       0x88 build/src/pdantler/printf.o
 *fill*         0x0000000000001378        0x8 
 .text._ntoa_format
                0x0000000000001380      0x1d0 build/src/pdantler/printf.o
 .text._ntoa_long
                0x0000000000001550       0x98 build/src/pdantler/printf.o
 *fill*         0x00000000000015e8        0x8 
 .text._ntoa_long_long
                0x00000000000015f0       0xc8 build/src/pdantler/printf.o
 *fill*         0x00000000000016b8        0x8 
 .text._etoa    0x00000000000016c0      0x464 build/src/pdantler/printf.o
 *fill*         0x0000000000001b24        0xc 
 .text._ftoa    0x0000000000001b30      0x420 build/src/pdantler/printf.o
 .text._vsnprintf
                0x0000000000001f50      0x66c build/src/pdantler/printf.o
 *fill*         0x00000000000025bc        0x4 
 .text.snprintf_
                0x00000000000025c0       0x2c build/src/pdantler/printf.o
                0x00000000000025c0                snprintf_
 *fill*         0x00000000000025ec        0x4 
 .text.vsnprintf_
                0x00000000000025f0       0x20 build/src/pdantler/printf.o
                0x00000000000025f0                vsnprintf_
 .text.show_speech.constprop.0
                0x0000000000002610      0x110 build/src/scenes/scene_game.o
 .text.init_game
                0x0000000000002720      0x108 build/src/scenes/scene_game.o
                0x0000000000002720                init_game
 *fill*         0x0000000000002828        0x8 
 .text.tick_game
                0x0000000000002830       0xb0 build/src/scenes/scene_game.o
                0x0000000000002830                tick_game
 .text.enter_game
                0x00000000000028e0        0x4 build/src/scenes/scene_game.o
                0x00000000000028e0                enter_game
 *fill*         0x00000000000028e4        0xc 
 .text.exit_game
                0x00000000000028f0        0x4 build/src/scenes/scene_game.o
                0x00000000000028f0                exit_game
 *fill*         0x00000000000028f4        0xc 
 .text.eventHandlerShim
                0x0000000000002900       0x1c build//home/mchristensen/src/PlaydateSDK-2.2.0/C_API/buildsupport/setup.o
                0x0000000000002900                eventHandlerShim
 *(.init)
 *(.fini)
 *crtbegin.o(.ctors)
 *crtbegin?.o(.ctors)
 *(EXCLUDE_FILE(*crtend.o *crtend?.o) .ctors)
 *(SORT_BY_NAME(.ctors.*))
 *(.ctors)
 *crtbegin.o(.dtors)
 *crtbegin?.o(.dtors)
 *(EXCLUDE_FILE(*crtend.o *crtend?.o) .dtors)
 *(SORT_BY_NAME(.dtors.*))
 *(.dtors)
 *(.rodata*)
 .rodata.update.str1.4
                0x000000000000291c       0x23 build/src/pdantler/main.o
 *fill*         0x000000000000293f        0x1 
 .rodata.eventHandler.str1.4
                0x0000000000002940       0x4b build/src/pdantler/main.o
 *fill*         0x000000000000298b        0x1 
 .rodata.pdantler_switch_to_scene.str1.4
                0x000000000000298c      0x1ec build/src/pdantler/lifecycle.o
 .rodata.lifecycle_init_game.str1.4
                0x0000000000002b78      0x1f4 build/src/pdantler/lifecycle.o
 .rodata        0x0000000000002d6c      0x320 build/src/pdantler/pdlogger.o
 .rodata._ftoa.str1.4
                0x000000000000308c       0x15 build/src/pdantler/printf.o
 *fill*         0x00000000000030a1        0x7 
 .rodata.pow10.0
                0x00000000000030a8       0x50 build/src/pdantler/printf.o
 .rodata.show_speech.constprop.0.str1.4
                0x00000000000030f8       0x12 build/src/scenes/scene_game.o
 *(.eh_frame*)

.glue_7         0x000000000000310c        0x0
 .glue_7        0x000000000000310c        0x0 linker stubs

.glue_7t        0x000000000000310c        0x0
 .glue_7t       0x000000000000310c        0x0 linker stubs

.vfp11_veneer   0x000000000000310c        0x0
 .vfp11_veneer  0x000000000000310c        0x0 linker stubs

.v4_bx          0x000000000000310c        0x0
 .v4_bx         0x000000000000310c        0x0 linker stubs

.iplt           0x000000000000310c        0x0
 .iplt          0x000000000000310c        0x0 build/src/pdantler/main.o

.rel.dyn        0x000000000000310c        0x0
 .rel.iplt      0x000000000000310c        0x0 build/src/pdantler/main.o

.data           0x000000000000310a        0x2
                0x000000000000310a                __etext = .
                0x000000000000310a                __data_start__ = .
 *(vtable)
 *(.data*)
                0x000000000000310c                . = ALIGN (0x4)
 *fill*         0x000000000000310a        0x2 
                [!provide]                        PROVIDE (__preinit_array_start = .)
 *(.preinit_array)
                [!provide]                        PROVIDE (__preinit_array_end = .)
                0x000000000000310c                . = ALIGN (0x4)
                [!provide]                        PROVIDE (__init_array_start = .)
 *(SORT_BY_NAME(.init_array.*))
 *(.init_array)
                [!provide]                        PROVIDE (__init_array_end = .)
                0x000000000000310c                . = ALIGN (0x4)
                [!provide]                        PROVIDE (__fini_array_start = .)
 *(SORT_BY_NAME(.fini_array.*))
 *(.fini_array)
                [!provide]                        PROVIDE (__fini_array_end = .)
                0x000000000000310c                . = ALIGN (0x4)
                0x000000000000310c                __data_end__ = .

.igot.plt       0x000000000000310c        0x0
 .igot.plt      0x000000000000310c        0x0 build/src/pdantler/main.o

.bss            0x000000000000310c        0xc
                0x000000000000310c                . = ALIGN (0x4)
                0x000000000000310c                __bss_start__ = .
 *(.bss*)
 .bss.logger    0x000000000000310c        0x8 build/src/pdantler/pdlogger.o
 .bss.pdrealloc
                0x0000000000003114        0x4 build//home/mchristensen/src/PlaydateSDK-2.2.0/C_API/buildsupport/setup.o
 *(COMMON)
 *(COM)
                0x0000000000003118                . = ALIGN (0x4)
                0x0000000000003118                __bss_end__ = .

/DISCARD/
 *(.ARM.exidx)
OUTPUT(build/pdex.elf elf32-littlearm)
LOAD linker stubs

.debug_info     0x0000000000000000    0x20b59
 .debug_info    0x0000000000000000     0x5dde build/src/pdantler/main.o
 .debug_info    0x0000000000005dde     0x617b build/src/pdantler/lifecycle.o
 .debug_info    0x000000000000bf59     0x5c60 build/src/pdantler/utils.o
 .debug_info    0x0000000000011bb9      0x2e6 build/src/pdantler/pdlogger.o
 .debug_info    0x0000000000011e9f     0x1b79 build/src/pdantler/printf.o
 .debug_info    0x0000000000013a18     0x64a9 build/src/scenes/scene_game.o
 .debug_info    0x0000000000019ec1     0x631a build//home/mchristensen/src/PlaydateSDK-2.2.0/C_API/buildsupport/setup.o
 .debug_info    0x00000000000201db       0x26 /usr/lib/gcc/arm-none-eabi/10.3.1/thumb/v7e-m+fp/hard/libgcc.a(_arm_addsubdf3.o)
 .debug_info    0x0000000000020201       0x26 /usr/lib/gcc/arm-none-eabi/10.3.1/thumb/v7e-m+fp/hard/libgcc.a(_arm_muldivdf3.o)
 .debug_info    0x0000000000020227       0x26 /usr/lib/gcc/arm-none-eabi/10.3.1/thumb/v7e-m+fp/hard/libgcc.a(_arm_cmpdf2.o)
 .debug_info    0x000000000002024d       0x26 /usr/lib/gcc/arm-none-eabi/10.3.1/thumb/v7e-m+fp/hard/libgcc.a(_arm_fixdfsi.o)
 .debug_info    0x0000000000020273       0x26 /usr/lib/gcc/arm-none-eabi/10.3.1/thumb/v7e-m+fp/hard/libgcc.a(_arm_fixunsdfsi.o)
 .debug_info    0x0000000000020299       0x26 /usr/lib/gcc/arm-none-eabi/10.3.1/thumb/v7e-m+fp/hard/libgcc.a(_aeabi_uldivmod.o)
 .debug_info    0x00000000000202bf      0x717 /usr/lib/gcc/arm-none-eabi/10.3.1/thumb/v7e-m+fp/hard/libgcc.a(_udivmoddi4.o)
 .debug_info    0x00000000000209d6       0x26 /usr/lib/gcc/arm-none-eabi/10.3.1/thumb/v7e-m+fp/hard/libgcc.a(_dvmd_tls.o)
 .debug_info    0x00000000000209fc      0x137 /usr/lib/gcc/arm-none-eabi/10.3.1/../../../arm-none-eabi/lib/thumb/v7e-m+fp/hard/libg.a(lib_a-memset.o)
 .debug_info    0x0000000000020b33       0x26 /usr/lib/gcc/arm-none-eabi/10.3.1/../../../arm-none-eabi/lib/thumb/v7e-m+fp/hard/libg.a(lib_a-strlen.o)

.debug_abbrev   0x0000000000000000     0x17f6
 .debug_abbrev  0x0000000000000000      0x32e build/src/pdantler/main.o
 .debug_abbrev  0x000000000000032e      0x325 build/src/pdantler/lifecycle.o
 .debug_abbrev  0x0000000000000653      0x2e2 build/src/pdantler/utils.o
 .debug_abbrev  0x0000000000000935      0x181 build/src/pdantler/pdlogger.o
 .debug_abbrev  0x0000000000000ab6      0x3e7 build/src/pdantler/printf.o
 .debug_abbrev  0x0000000000000e9d      0x3c0 build/src/scenes/scene_game.o
 .debug_abbrev  0x000000000000125d      0x2e2 build//home/mchristensen/src/PlaydateSDK-2.2.0/C_API/buildsupport/setup.o
 .debug_abbrev  0x000000000000153f       0x14 /usr/lib/gcc/arm-none-eabi/10.3.1/thumb/v7e-m+fp/hard/libgcc.a(_arm_addsubdf3.o)
 .debug_abbrev  0x0000000000001553       0x14 /usr/lib/gcc/arm-none-eabi/10.3.1/thumb/v7e-m+fp/hard/libgcc.a(_arm_muldivdf3.o)
 .debug_abbrev  0x0000000000001567       0x14 /usr/lib/gcc/arm-none-eabi/10.3.1/thumb/v7e-m+fp/hard/libgcc.a(_arm_cmpdf2.o)
 .debug_abbrev  0x000000000000157b       0x14 /usr/lib/gcc/arm-none-eabi/10.3.1/thumb/v7e-m+fp/hard/libgcc.a(_arm_fixdfsi.o)
 .debug_abbrev  0x000000000000158f       0x14 /usr/lib/gcc/arm-none-eabi/10.3.1/thumb/v7e-m+fp/hard/libgcc.a(_arm_fixunsdfsi.o)
 .debug_abbrev  0x00000000000015a3       0x14 /usr/lib/gcc/arm-none-eabi/10.3.1/thumb/v7e-m+fp/hard/libgcc.a(_aeabi_uldivmod.o)
 .debug_abbrev  0x00000000000015b7      0x163 /usr/lib/gcc/arm-none-eabi/10.3.1/thumb/v7e-m+fp/hard/libgcc.a(_udivmoddi4.o)
 .debug_abbrev  0x000000000000171a       0x14 /usr/lib/gcc/arm-none-eabi/10.3.1/thumb/v7e-m+fp/hard/libgcc.a(_dvmd_tls.o)
 .debug_abbrev  0x000000000000172e       0xb4 /usr/lib/gcc/arm-none-eabi/10.3.1/../../../arm-none-eabi/lib/thumb/v7e-m+fp/hard/libg.a(lib_a-memset.o)
 .debug_abbrev  0x00000000000017e2       0x14 /usr/lib/gcc/arm-none-eabi/10.3.1/../../../arm-none-eabi/lib/thumb/v7e-m+fp/hard/libg.a(lib_a-strlen.o)

.debug_loc      0x0000000000000000     0x5f27
 .debug_loc     0x0000000000000000      0x2eb build/src/pdantler/main.o
 .debug_loc     0x00000000000002eb      0x3ba build/src/pdantler/lifecycle.o
 .debug_loc     0x00000000000006a5      0x571 build/src/pdantler/utils.o
 .debug_loc     0x0000000000000c16       0xba build/src/pdantler/pdlogger.o
 .debug_loc     0x0000000000000cd0     0x35f6 build/src/pdantler/printf.o
 .debug_loc     0x00000000000042c6      0x80a build/src/scenes/scene_game.o
 .debug_loc     0x0000000000004ad0      0x21c build//home/mchristensen/src/PlaydateSDK-2.2.0/C_API/buildsupport/setup.o
 .debug_loc     0x0000000000004cec     0x100f /usr/lib/gcc/arm-none-eabi/10.3.1/thumb/v7e-m+fp/hard/libgcc.a(_udivmoddi4.o)
 .debug_loc     0x0000000000005cfb      0x22c /usr/lib/gcc/arm-none-eabi/10.3.1/../../../arm-none-eabi/lib/thumb/v7e-m+fp/hard/libg.a(lib_a-memset.o)

.debug_aranges  0x0000000000000000      0x318
 .debug_aranges
                0x0000000000000000       0x30 build/src/pdantler/main.o
 .debug_aranges
                0x0000000000000030       0x28 build/src/pdantler/lifecycle.o
 .debug_aranges
                0x0000000000000058       0x38 build/src/pdantler/utils.o
 .debug_aranges
                0x0000000000000090       0x38 build/src/pdantler/pdlogger.o
 .debug_aranges
                0x00000000000000c8       0xa0 build/src/pdantler/printf.o
 .debug_aranges
                0x0000000000000168       0x38 build/src/scenes/scene_game.o
 .debug_aranges
                0x00000000000001a0       0x38 build//home/mchristensen/src/PlaydateSDK-2.2.0/C_API/buildsupport/setup.o
 .debug_aranges
                0x00000000000001d8       0x20 /usr/lib/gcc/arm-none-eabi/10.3.1/thumb/v7e-m+fp/hard/libgcc.a(_arm_addsubdf3.o)
 .debug_aranges
                0x00000000000001f8       0x20 /usr/lib/gcc/arm-none-eabi/10.3.1/thumb/v7e-m+fp/hard/libgcc.a(_arm_muldivdf3.o)
 .debug_aranges
                0x0000000000000218       0x20 /usr/lib/gcc/arm-none-eabi/10.3.1/thumb/v7e-m+fp/hard/libgcc.a(_arm_cmpdf2.o)
 .debug_aranges
                0x0000000000000238       0x20 /usr/lib/gcc/arm-none-eabi/10.3.1/thumb/v7e-m+fp/hard/libgcc.a(_arm_fixdfsi.o)
 .debug_aranges
                0x0000000000000258       0x20 /usr/lib/gcc/arm-none-eabi/10.3.1/thumb/v7e-m+fp/hard/libgcc.a(_arm_fixunsdfsi.o)
 .debug_aranges
                0x0000000000000278       0x20 /usr/lib/gcc/arm-none-eabi/10.3.1/thumb/v7e-m+fp/hard/libgcc.a(_aeabi_uldivmod.o)
 .debug_aranges
                0x0000000000000298       0x20 /usr/lib/gcc/arm-none-eabi/10.3.1/thumb/v7e-m+fp/hard/libgcc.a(_udivmoddi4.o)
 .debug_aranges
                0x00000000000002b8       0x20 /usr/lib/gcc/arm-none-eabi/10.3.1/thumb/v7e-m+fp/hard/libgcc.a(_dvmd_tls.o)
 .debug_aranges
                0x00000000000002d8       0x20 /usr/lib/gcc/arm-none-eabi/10.3.1/../../../arm-none-eabi/lib/thumb/v7e-m+fp/hard/libg.a(lib_a-memset.o)
 .debug_aranges
                0x00000000000002f8       0x20 /usr/lib/gcc/arm-none-eabi/10.3.1/../../../arm-none-eabi/lib/thumb/v7e-m+fp/hard/libg.a(lib_a-strlen.o)

.debug_ranges   0x0000000000000000      0x688
 .debug_ranges  0x0000000000000000       0x68 build/src/pdantler/main.o
 .debug_ranges  0x0000000000000068      0x110 build/src/pdantler/lifecycle.o
 .debug_ranges  0x0000000000000178       0x98 build/src/pdantler/utils.o
 .debug_ranges  0x0000000000000210       0x28 build/src/pdantler/pdlogger.o
 .debug_ranges  0x0000000000000238      0x248 build/src/pdantler/printf.o
 .debug_ranges  0x0000000000000480       0xf8 build/src/scenes/scene_game.o
 .debug_ranges  0x0000000000000578       0x28 build//home/mchristensen/src/PlaydateSDK-2.2.0/C_API/buildsupport/setup.o
 .debug_ranges  0x00000000000005a0       0xe8 /usr/lib/gcc/arm-none-eabi/10.3.1/thumb/v7e-m+fp/hard/libgcc.a(_udivmoddi4.o)

.debug_macro    0x0000000000000000     0x2fe4
 .debug_macro   0x0000000000000000      0x2ae build/src/pdantler/main.o
 .debug_macro   0x00000000000002ae      0xa78 build/src/pdantler/main.o
 .debug_macro   0x0000000000000d26      0x34e build/src/pdantler/main.o
 .debug_macro   0x0000000000001074       0x18 build/src/pdantler/main.o
 .debug_macro   0x000000000000108c       0x22 build/src/pdantler/main.o
 .debug_macro   0x00000000000010ae       0x52 build/src/pdantler/main.o
 .debug_macro   0x0000000000001100       0x94 build/src/pdantler/main.o
 .debug_macro   0x0000000000001194       0x35 build/src/pdantler/main.o
 .debug_macro   0x00000000000011c9       0x34 build/src/pdantler/main.o
 .debug_macro   0x00000000000011fd       0x16 build/src/pdantler/main.o
 .debug_macro   0x0000000000001213      0x10e build/src/pdantler/main.o
 .debug_macro   0x0000000000001321       0x8d build/src/pdantler/main.o
 .debug_macro   0x00000000000013ae       0x16 build/src/pdantler/main.o
 .debug_macro   0x00000000000013c4       0x43 build/src/pdantler/main.o
 .debug_macro   0x0000000000001407       0x57 build/src/pdantler/main.o
 .debug_macro   0x000000000000145e       0x34 build/src/pdantler/main.o
 .debug_macro   0x0000000000001492       0x10 build/src/pdantler/main.o
 .debug_macro   0x00000000000014a2       0x52 build/src/pdantler/main.o
 .debug_macro   0x00000000000014f4      0x182 build/src/pdantler/main.o
 .debug_macro   0x0000000000001676      0x333 build/src/pdantler/main.o
 .debug_macro   0x00000000000019a9       0x16 build/src/pdantler/main.o
 .debug_macro   0x00000000000019bf       0x29 build/src/pdantler/main.o
 .debug_macro   0x00000000000019e8       0x28 build/src/pdantler/main.o
 .debug_macro   0x0000000000001a10       0x16 build/src/pdantler/main.o
 .debug_macro   0x0000000000001a26       0x35 build/src/pdantler/main.o
 .debug_macro   0x0000000000001a5b       0x1c build/src/pdantler/main.o
 .debug_macro   0x0000000000001a77       0x22 build/src/pdantler/main.o
 .debug_macro   0x0000000000001a99      0x1a9 build/src/pdantler/main.o
 .debug_macro   0x0000000000001c42       0x10 build/src/pdantler/main.o
 .debug_macro   0x0000000000001c52       0x22 build/src/pdantler/main.o
 .debug_macro   0x0000000000001c74       0x1c build/src/pdantler/main.o
 .debug_macro   0x0000000000001c90       0x23 build/src/pdantler/main.o
 .debug_macro   0x0000000000001cb3       0x1c build/src/pdantler/main.o
 .debug_macro   0x0000000000001ccf       0x10 build/src/pdantler/main.o
 .debug_macro   0x0000000000001cdf       0x10 build/src/pdantler/main.o
 .debug_macro   0x0000000000001cef       0x6a build/src/pdantler/main.o
 .debug_macro   0x0000000000001d59       0x1c build/src/pdantler/main.o
 .debug_macro   0x0000000000001d75       0x52 build/src/pdantler/main.o
 .debug_macro   0x0000000000001dc7       0x22 build/src/pdantler/main.o
 .debug_macro   0x0000000000001de9       0x10 build/src/pdantler/main.o
 .debug_macro   0x0000000000001df9       0x40 build/src/pdantler/main.o
 .debug_macro   0x0000000000001e39       0xd5 build/src/pdantler/main.o
 .debug_macro   0x0000000000001f0e       0x1c build/src/pdantler/main.o
 .debug_macro   0x0000000000001f2a       0x3d build/src/pdantler/main.o
 .debug_macro   0x0000000000001f67       0x16 build/src/pdantler/main.o
 .debug_macro   0x0000000000001f7d      0x15a build/src/pdantler/main.o
 .debug_macro   0x00000000000020d7       0x12 build/src/pdantler/main.o
 .debug_macro   0x00000000000020e9      0x2a4 build/src/pdantler/lifecycle.o
 .debug_macro   0x000000000000238d      0x29c build/src/pdantler/utils.o
 .debug_macro   0x0000000000002629       0x41 build/src/pdantler/pdlogger.o
 .debug_macro   0x000000000000266a       0x58 build/src/pdantler/pdlogger.o
 .debug_macro   0x00000000000026c2      0x174 build/src/pdantler/pdlogger.o
 .debug_macro   0x0000000000002836       0x22 build/src/pdantler/pdlogger.o
 .debug_macro   0x0000000000002858       0xc5 build/src/pdantler/printf.o
 .debug_macro   0x000000000000291d      0x201 build/src/pdantler/printf.o
 .debug_macro   0x0000000000002b1e      0x2de build/src/scenes/scene_game.o
 .debug_macro   0x0000000000002dfc       0x4c build/src/scenes/scene_game.o
 .debug_macro   0x0000000000002e48      0x19c build//home/mchristensen/src/PlaydateSDK-2.2.0/C_API/buildsupport/setup.o

.debug_line     0x0000000000000000     0x3fe4
 .debug_line    0x0000000000000000      0x5ae build/src/pdantler/main.o
 .debug_line    0x00000000000005ae      0x781 build/src/pdantler/lifecycle.o
 .debug_line    0x0000000000000d2f      0x61e build/src/pdantler/utils.o
 .debug_line    0x000000000000134d      0x147 build/src/pdantler/pdlogger.o
 .debug_line    0x0000000000001494     0x122d build/src/pdantler/printf.o
 .debug_line    0x00000000000026c1      0x7dc build/src/scenes/scene_game.o
 .debug_line    0x0000000000002e9d      0x39f build//home/mchristensen/src/PlaydateSDK-2.2.0/C_API/buildsupport/setup.o
 .debug_line    0x000000000000323c      0x186 /usr/lib/gcc/arm-none-eabi/10.3.1/thumb/v7e-m+fp/hard/libgcc.a(_arm_addsubdf3.o)
 .debug_line    0x00000000000033c2      0x19b /usr/lib/gcc/arm-none-eabi/10.3.1/thumb/v7e-m+fp/hard/libgcc.a(_arm_muldivdf3.o)
 .debug_line    0x000000000000355d       0xbd /usr/lib/gcc/arm-none-eabi/10.3.1/thumb/v7e-m+fp/hard/libgcc.a(_arm_cmpdf2.o)
 .debug_line    0x000000000000361a       0x79 /usr/lib/gcc/arm-none-eabi/10.3.1/thumb/v7e-m+fp/hard/libgcc.a(_arm_fixdfsi.o)
 .debug_line    0x0000000000003693       0x75 /usr/lib/gcc/arm-none-eabi/10.3.1/thumb/v7e-m+fp/hard/libgcc.a(_arm_fixunsdfsi.o)
 .debug_line    0x0000000000003708       0x60 /usr/lib/gcc/arm-none-eabi/10.3.1/thumb/v7e-m+fp/hard/libgcc.a(_aeabi_uldivmod.o)
 .debug_line    0x0000000000003768      0x5ae /usr/lib/gcc/arm-none-eabi/10.3.1/thumb/v7e-m+fp/hard/libgcc.a(_udivmoddi4.o)
 .debug_line    0x0000000000003d16       0x60 /usr/lib/gcc/arm-none-eabi/10.3.1/thumb/v7e-m+fp/hard/libgcc.a(_dvmd_tls.o)
 .debug_line    0x0000000000003d76      0x1bf /usr/lib/gcc/arm-none-eabi/10.3.1/../../../arm-none-eabi/lib/thumb/v7e-m+fp/hard/libg.a(lib_a-memset.o)
 .debug_line    0x0000000000003f35       0xaf /usr/lib/gcc/arm-none-eabi/10.3.1/../../../arm-none-eabi/lib/thumb/v7e-m+fp/hard/libg.a(lib_a-strlen.o)

.debug_str      0x0000000000000000     0xc3a0
 .debug_str     0x0000000000000000     0xa972 build/src/pdantler/main.o
                                       0xada5 (size before relaxing)
 .debug_str     0x000000000000a972       0x6f build/src/pdantler/lifecycle.o
                                       0xacba (size before relaxing)
 .debug_str     0x000000000000a9e1       0xb6 build/src/pdantler/utils.o
                                       0xac10 (size before relaxing)
 .debug_str     0x000000000000aa97      0x1a6 build/src/pdantler/pdlogger.o
                                       0x32ef (size before relaxing)
 .debug_str     0x000000000000ac3d      0x9b1 build/src/pdantler/printf.o
                                       0x47cd (size before relaxing)
 .debug_str     0x000000000000b5ee      0x186 build/src/scenes/scene_game.o
                                       0xaf31 (size before relaxing)
 .debug_str     0x000000000000b774      0x42c build//home/mchristensen/src/PlaydateSDK-2.2.0/C_API/buildsupport/setup.o
                                       0x9b71 (size before relaxing)
 .debug_str     0x000000000000bba0       0xab /usr/lib/gcc/arm-none-eabi/10.3.1/thumb/v7e-m+fp/hard/libgcc.a(_arm_addsubdf3.o)
 .debug_str     0x000000000000bc4b       0xab /usr/lib/gcc/arm-none-eabi/10.3.1/thumb/v7e-m+fp/hard/libgcc.a(_arm_muldivdf3.o)
 .debug_str     0x000000000000bc4b       0xab /usr/lib/gcc/arm-none-eabi/10.3.1/thumb/v7e-m+fp/hard/libgcc.a(_arm_cmpdf2.o)
 .debug_str     0x000000000000bc4b       0xab /usr/lib/gcc/arm-none-eabi/10.3.1/thumb/v7e-m+fp/hard/libgcc.a(_arm_fixdfsi.o)
 .debug_str     0x000000000000bc4b       0xab /usr/lib/gcc/arm-none-eabi/10.3.1/thumb/v7e-m+fp/hard/libgcc.a(_arm_fixunsdfsi.o)
 .debug_str     0x000000000000bc4b       0x2c /usr/lib/gcc/arm-none-eabi/10.3.1/thumb/v7e-m+fp/hard/libgcc.a(_aeabi_uldivmod.o)
                                         0xa6 (size before relaxing)
 .debug_str     0x000000000000bc77      0x544 /usr/lib/gcc/arm-none-eabi/10.3.1/thumb/v7e-m+fp/hard/libgcc.a(_udivmoddi4.o)
                                        0x647 (size before relaxing)
 .debug_str     0x000000000000c1bb       0x30 /usr/lib/gcc/arm-none-eabi/10.3.1/thumb/v7e-m+fp/hard/libgcc.a(_dvmd_tls.o)
                                         0xaa (size before relaxing)
 .debug_str     0x000000000000c1eb      0x111 /usr/lib/gcc/arm-none-eabi/10.3.1/../../../arm-none-eabi/lib/thumb/v7e-m+fp/hard/libg.a(lib_a-memset.o)
                                        0x1bb (size before relaxing)
 .debug_str     0x000000000000c2fc       0xa4 /usr/lib/gcc/arm-none-eabi/10.3.1/../../../arm-none-eabi/lib/thumb/v7e-m+fp/hard/libg.a(lib_a-strlen.o)
                                         0xb0 (size before relaxing)

.comment        0x0000000000000000       0x33
 .comment       0x0000000000000000       0x33 build/src/pdantler/main.o
                                         0x34 (size before relaxing)
 .comment       0x0000000000000033       0x34 build/src/pdantler/lifecycle.o
 .comment       0x0000000000000033       0x34 build/src/pdantler/utils.o
 .comment       0x0000000000000033       0x34 build/src/pdantler/pdlogger.o
 .comment       0x0000000000000033       0x34 build/src/pdantler/printf.o
 .comment       0x0000000000000033       0x34 build/src/scenes/scene_game.o
 .comment       0x0000000000000033       0x34 build//home/mchristensen/src/PlaydateSDK-2.2.0/C_API/buildsupport/setup.o
 .comment       0x0000000000000033       0x34 /usr/lib/gcc/arm-none-eabi/10.3.1/thumb/v7e-m+fp/hard/libgcc.a(_udivmoddi4.o)
 .comment       0x0000000000000033       0x34 /usr/lib/gcc/arm-none-eabi/10.3.1/../../../arm-none-eabi/lib/thumb/v7e-m+fp/hard/libg.a(lib_a-memset.o)

.ARM.attributes
                0x0000000000000000       0x32
 .ARM.attributes
                0x0000000000000000       0x34 build/src/pdantler/main.o
 .ARM.attributes
                0x0000000000000034       0x34 build/src/pdantler/lifecycle.o
 .ARM.attributes
                0x0000000000000068       0x34 build/src/pdantler/utils.o
 .ARM.attributes
                0x000000000000009c       0x34 build/src/pdantler/pdlogger.o
 .ARM.attributes
                0x00000000000000d0       0x34 build/src/pdantler/printf.o
 .ARM.attributes
                0x0000000000000104       0x34 build/src/scenes/scene_game.o
 .ARM.attributes
                0x0000000000000138       0x34 build//home/mchristensen/src/PlaydateSDK-2.2.0/C_API/buildsupport/setup.o
 .ARM.attributes
                0x000000000000016c       0x1e /usr/lib/gcc/arm-none-eabi/10.3.1/thumb/v7e-m+fp/hard/libgcc.a(_arm_addsubdf3.o)
 .ARM.attributes
                0x000000000000018a       0x1e /usr/lib/gcc/arm-none-eabi/10.3.1/thumb/v7e-m+fp/hard/libgcc.a(_arm_muldivdf3.o)
 .ARM.attributes
                0x00000000000001a8       0x1e /usr/lib/gcc/arm-none-eabi/10.3.1/thumb/v7e-m+fp/hard/libgcc.a(_arm_cmpdf2.o)
 .ARM.attributes
                0x00000000000001c6       0x1e /usr/lib/gcc/arm-none-eabi/10.3.1/thumb/v7e-m+fp/hard/libgcc.a(_arm_fixdfsi.o)
 .ARM.attributes
                0x00000000000001e4       0x1e /usr/lib/gcc/arm-none-eabi/10.3.1/thumb/v7e-m+fp/hard/libgcc.a(_arm_fixunsdfsi.o)
 .ARM.attributes
                0x0000000000000202       0x1e /usr/lib/gcc/arm-none-eabi/10.3.1/thumb/v7e-m+fp/hard/libgcc.a(_aeabi_uldivmod.o)
 .ARM.attributes
                0x0000000000000220       0x34 /usr/lib/gcc/arm-none-eabi/10.3.1/thumb/v7e-m+fp/hard/libgcc.a(_udivmoddi4.o)
 .ARM.attributes
                0x0000000000000254       0x1e /usr/lib/gcc/arm-none-eabi/10.3.1/thumb/v7e-m+fp/hard/libgcc.a(_dvmd_tls.o)
 .ARM.attributes
                0x0000000000000272       0x34 /usr/lib/gcc/arm-none-eabi/10.3.1/../../../arm-none-eabi/lib/thumb/v7e-m+fp/hard/libg.a(lib_a-memset.o)
 .ARM.attributes
                0x00000000000002a6       0x1c /usr/lib/gcc/arm-none-eabi/10.3.1/../../../arm-none-eabi/lib/thumb/v7e-m+fp/hard/libg.a(lib_a-strlen.o)

.debug_frame    0x0000000000000000      0x97c
 .debug_frame   0x0000000000000000       0x5c build/src/pdantler/main.o
 .debug_frame   0x000000000000005c       0x7c build/src/pdantler/lifecycle.o
 .debug_frame   0x00000000000000d8       0xa4 build/src/pdantler/utils.o
 .debug_frame   0x000000000000017c       0xa0 build/src/pdantler/pdlogger.o
 .debug_frame   0x000000000000021c      0x394 build/src/pdantler/printf.o
 .debug_frame   0x00000000000005b0       0xdc build/src/scenes/scene_game.o
 .debug_frame   0x000000000000068c       0x5c build//home/mchristensen/src/PlaydateSDK-2.2.0/C_API/buildsupport/setup.o
 .debug_frame   0x00000000000006e8       0xac /usr/lib/gcc/arm-none-eabi/10.3.1/thumb/v7e-m+fp/hard/libgcc.a(_arm_addsubdf3.o)
 .debug_frame   0x0000000000000794       0x50 /usr/lib/gcc/arm-none-eabi/10.3.1/thumb/v7e-m+fp/hard/libgcc.a(_arm_muldivdf3.o)
 .debug_frame   0x00000000000007e4       0xc4 /usr/lib/gcc/arm-none-eabi/10.3.1/thumb/v7e-m+fp/hard/libgcc.a(_arm_cmpdf2.o)
 .debug_frame   0x00000000000008a8       0x24 /usr/lib/gcc/arm-none-eabi/10.3.1/thumb/v7e-m+fp/hard/libgcc.a(_arm_fixdfsi.o)
 .debug_frame   0x00000000000008cc       0x24 /usr/lib/gcc/arm-none-eabi/10.3.1/thumb/v7e-m+fp/hard/libgcc.a(_arm_fixunsdfsi.o)
 .debug_frame   0x00000000000008f0       0x2c /usr/lib/gcc/arm-none-eabi/10.3.1/thumb/v7e-m+fp/hard/libgcc.a(_aeabi_uldivmod.o)
 .debug_frame   0x000000000000091c       0x34 /usr/lib/gcc/arm-none-eabi/10.3.1/thumb/v7e-m+fp/hard/libgcc.a(_udivmoddi4.o)
 .debug_frame   0x0000000000000950       0x2c /usr/lib/gcc/arm-none-eabi/10.3.1/../../../arm-none-eabi/lib/thumb/v7e-m+fp/hard/libg.a(lib_a-memset.o)

Cross Reference Table

Symbol                                            File
__adddf3                                          /usr/lib/gcc/arm-none-eabi/10.3.1/thumb/v7e-m+fp/hard/libgcc.a(_arm_addsubdf3.o)
__aeabi_cdcmpeq                                   /usr/lib/gcc/arm-none-eabi/10.3.1/thumb/v7e-m+fp/hard/libgcc.a(_arm_cmpdf2.o)
__aeabi_cdcmple                                   /usr/lib/gcc/arm-none-eabi/10.3.1/thumb/v7e-m+fp/hard/libgcc.a(_arm_cmpdf2.o)
__aeabi_cdrcmple                                  /usr/lib/gcc/arm-none-eabi/10.3.1/thumb/v7e-m+fp/hard/libgcc.a(_arm_cmpdf2.o)
__aeabi_d2iz                                      /usr/lib/gcc/arm-none-eabi/10.3.1/thumb/v7e-m+fp/hard/libgcc.a(_arm_fixdfsi.o)
                                                  build/src/pdantler/printf.o
__aeabi_d2uiz                                     /usr/lib/gcc/arm-none-eabi/10.3.1/thumb/v7e-m+fp/hard/libgcc.a(_arm_fixunsdfsi.o)
                                                  build/src/pdantler/printf.o
__aeabi_dadd                                      /usr/lib/gcc/arm-none-eabi/10.3.1/thumb/v7e-m+fp/hard/libgcc.a(_arm_addsubdf3.o)
                                                  build/src/pdantler/printf.o
__aeabi_dcmpeq                                    /usr/lib/gcc/arm-none-eabi/10.3.1/thumb/v7e-m+fp/hard/libgcc.a(_arm_cmpdf2.o)
                                                  build/src/pdantler/printf.o
__aeabi_dcmpge                                    /usr/lib/gcc/arm-none-eabi/10.3.1/thumb/v7e-m+fp/hard/libgcc.a(_arm_cmpdf2.o)
                                                  build/src/pdantler/printf.o
__aeabi_dcmpgt                                    /usr/lib/gcc/arm-none-eabi/10.3.1/thumb/v7e-m+fp/hard/libgcc.a(_arm_cmpdf2.o)
                                                  build/src/pdantler/printf.o
__aeabi_dcmple                                    /usr/lib/gcc/arm-none-eabi/10.3.1/thumb/v7e-m+fp/hard/libgcc.a(_arm_cmpdf2.o)
__aeabi_dcmplt                                    /usr/lib/gcc/arm-none-eabi/10.3.1/thumb/v7e-m+fp/hard/libgcc.a(_arm_cmpdf2.o)
                                                  build/src/pdantler/printf.o
__aeabi_ddiv                                      /usr/lib/gcc/arm-none-eabi/10.3.1/thumb/v7e-m+fp/hard/libgcc.a(_arm_muldivdf3.o)
                                                  build/src/pdantler/printf.o
__aeabi_dmul                                      /usr/lib/gcc/arm-none-eabi/10.3.1/thumb/v7e-m+fp/hard/libgcc.a(_arm_muldivdf3.o)
                                                  /usr/lib/gcc/arm-none-eabi/10.3.1/thumb/v7e-m+fp/hard/libgcc.a(_arm_muldf3.o)
                                                  build/src/pdantler/printf.o
__aeabi_drsub                                     /usr/lib/gcc/arm-none-eabi/10.3.1/thumb/v7e-m+fp/hard/libgcc.a(_arm_addsubdf3.o)
__aeabi_dsub                                      /usr/lib/gcc/arm-none-eabi/10.3.1/thumb/v7e-m+fp/hard/libgcc.a(_arm_addsubdf3.o)
                                                  build/src/pdantler/printf.o
__aeabi_f2d                                       /usr/lib/gcc/arm-none-eabi/10.3.1/thumb/v7e-m+fp/hard/libgcc.a(_arm_addsubdf3.o)
__aeabi_i2d                                       /usr/lib/gcc/arm-none-eabi/10.3.1/thumb/v7e-m+fp/hard/libgcc.a(_arm_addsubdf3.o)
                                                  build/src/pdantler/printf.o
__aeabi_idiv0                                     /usr/lib/gcc/arm-none-eabi/10.3.1/thumb/v7e-m+fp/hard/libgcc.a(_dvmd_tls.o)
__aeabi_l2d                                       /usr/lib/gcc/arm-none-eabi/10.3.1/thumb/v7e-m+fp/hard/libgcc.a(_arm_addsubdf3.o)
__aeabi_ldiv0                                     /usr/lib/gcc/arm-none-eabi/10.3.1/thumb/v7e-m+fp/hard/libgcc.a(_dvmd_tls.o)
                                                  /usr/lib/gcc/arm-none-eabi/10.3.1/thumb/v7e-m+fp/hard/libgcc.a(_aeabi_uldivmod.o)
__aeabi_ui2d                                      /usr/lib/gcc/arm-none-eabi/10.3.1/thumb/v7e-m+fp/hard/libgcc.a(_arm_addsubdf3.o)
                                                  build/src/pdantler/printf.o
__aeabi_ul2d                                      /usr/lib/gcc/arm-none-eabi/10.3.1/thumb/v7e-m+fp/hard/libgcc.a(_arm_addsubdf3.o)
__aeabi_uldivmod                                  /usr/lib/gcc/arm-none-eabi/10.3.1/thumb/v7e-m+fp/hard/libgcc.a(_aeabi_uldivmod.o)
                                                  build/src/pdantler/printf.o
__cmpdf2                                          /usr/lib/gcc/arm-none-eabi/10.3.1/thumb/v7e-m+fp/hard/libgcc.a(_arm_cmpdf2.o)
__divdf3                                          /usr/lib/gcc/arm-none-eabi/10.3.1/thumb/v7e-m+fp/hard/libgcc.a(_arm_muldivdf3.o)
__eqdf2                                           /usr/lib/gcc/arm-none-eabi/10.3.1/thumb/v7e-m+fp/hard/libgcc.a(_arm_cmpdf2.o)
__extendsfdf2                                     /usr/lib/gcc/arm-none-eabi/10.3.1/thumb/v7e-m+fp/hard/libgcc.a(_arm_addsubdf3.o)
__fixdfsi                                         /usr/lib/gcc/arm-none-eabi/10.3.1/thumb/v7e-m+fp/hard/libgcc.a(_arm_fixdfsi.o)
__fixunsdfsi                                      /usr/lib/gcc/arm-none-eabi/10.3.1/thumb/v7e-m+fp/hard/libgcc.a(_arm_fixunsdfsi.o)
__floatdidf                                       /usr/lib/gcc/arm-none-eabi/10.3.1/thumb/v7e-m+fp/hard/libgcc.a(_arm_addsubdf3.o)
__floatsidf                                       /usr/lib/gcc/arm-none-eabi/10.3.1/thumb/v7e-m+fp/hard/libgcc.a(_arm_addsubdf3.o)
__floatundidf                                     /usr/lib/gcc/arm-none-eabi/10.3.1/thumb/v7e-m+fp/hard/libgcc.a(_arm_addsubdf3.o)
__floatunsidf                                     /usr/lib/gcc/arm-none-eabi/10.3.1/thumb/v7e-m+fp/hard/libgcc.a(_arm_addsubdf3.o)
__gedf2                                           /usr/lib/gcc/arm-none-eabi/10.3.1/thumb/v7e-m+fp/hard/libgcc.a(_arm_cmpdf2.o)
__gtdf2                                           /usr/lib/gcc/arm-none-eabi/10.3.1/thumb/v7e-m+fp/hard/libgcc.a(_arm_cmpdf2.o)
__ledf2                                           /usr/lib/gcc/arm-none-eabi/10.3.1/thumb/v7e-m+fp/hard/libgcc.a(_arm_cmpdf2.o)
__ltdf2                                           /usr/lib/gcc/arm-none-eabi/10.3.1/thumb/v7e-m+fp/hard/libgcc.a(_arm_cmpdf2.o)
__muldf3                                          /usr/lib/gcc/arm-none-eabi/10.3.1/thumb/v7e-m+fp/hard/libgcc.a(_arm_muldivdf3.o)
                                                  /usr/lib/gcc/arm-none-eabi/10.3.1/thumb/v7e-m+fp/hard/libgcc.a(_arm_muldf3.o)
__nedf2                                           /usr/lib/gcc/arm-none-eabi/10.3.1/thumb/v7e-m+fp/hard/libgcc.a(_arm_cmpdf2.o)
__subdf3                                          /usr/lib/gcc/arm-none-eabi/10.3.1/thumb/v7e-m+fp/hard/libgcc.a(_arm_addsubdf3.o)
__udivmoddi4                                      /usr/lib/gcc/arm-none-eabi/10.3.1/thumb/v7e-m+fp/hard/libgcc.a(_udivmoddi4.o)
                                                  /usr/lib/gcc/arm-none-eabi/10.3.1/thumb/v7e-m+fp/hard/libgcc.a(_aeabi_uldivmod.o)
_free_r                                           build//home/mchristensen/src/PlaydateSDK-2.2.0/C_API/buildsupport/setup.o
_malloc_r                                         build//home/mchristensen/src/PlaydateSDK-2.2.0/C_API/buildsupport/setup.o
_putchar                                          build/src/pdantler/pdlogger.o
                                                  build/src/pdantler/printf.o
_realloc_r                                        build//home/mchristensen/src/PlaydateSDK-2.2.0/C_API/buildsupport/setup.o
enter_game                                        build/src/scenes/scene_game.o
                                                  build/src/pdantler/lifecycle.o
eventHandler                                      build/src/pdantler/main.o
                                                  build//home/mchristensen/src/PlaydateSDK-2.2.0/C_API/buildsupport/setup.o
eventHandlerShim                                  build//home/mchristensen/src/PlaydateSDK-2.2.0/C_API/buildsupport/setup.o
exit_game                                         build/src/scenes/scene_game.o
                                                  build/src/pdantler/lifecycle.o
fctprintf                                         build/src/pdantler/printf.o
init_game                                         build/src/scenes/scene_game.o
                                                  build/src/pdantler/lifecycle.o
lifecycle_init_game                               build/src/pdantler/lifecycle.o
                                                  build/src/pdantler/main.o
memset                                            /usr/lib/gcc/arm-none-eabi/10.3.1/../../../arm-none-eabi/lib/thumb/v7e-m+fp/hard/libg.a(lib_a-memset.o)
                                                  build/src/pdantler/pdlogger.o
                                                  build/src/pdantler/main.o
mlib_strcpy                                       build/src/pdantler/mooselib.o
mlib_streq                                        build/src/pdantler/mooselib.o
pause_game                                        build/src/scenes/scene_game.o
pd_appender                                       build/src/pdantler/main.o
pdantler_channel_set_paused                       build/src/pdantler/utils.o
pdantler_channel_start                            build/src/pdantler/utils.o
pdantler_channel_stop                             build/src/pdantler/utils.o
pdantler_debounce_input                           build/src/pdantler/utils.o
                                                  build/src/pdantler/main.o
pdantler_switch_to_scene                          build/src/pdantler/lifecycle.o
                                                  build/src/pdantler/main.o
pdlogger_error                                    build/src/pdantler/pdlogger.o
                                                  build/src/pdantler/lifecycle.o
                                                  build/src/pdantler/main.o
pdlogger_info                                     build/src/pdantler/pdlogger.o
                                                  build/src/pdantler/lifecycle.o
                                                  build/src/pdantler/main.o
pdlogger_register_appender                        build/src/pdantler/pdlogger.o
                                                  build/src/pdantler/main.o
printf_                                           build/src/pdantler/printf.o
snprintf_                                         build/src/pdantler/printf.o
                                                  build/src/scenes/scene_game.o
sprintf_                                          build/src/pdantler/printf.o
strlen                                            /usr/lib/gcc/arm-none-eabi/10.3.1/../../../arm-none-eabi/lib/thumb/v7e-m+fp/hard/libg.a(lib_a-strlen.o)
                                                  build/src/scenes/scene_game.o
tick_game                                         build/src/scenes/scene_game.o
                                                  build/src/pdantler/main.o
unpause_game                                      build/src/scenes/scene_game.o
vprintf_                                          build/src/pdantler/printf.o
vsnprintf_                                        build/src/pdantler/printf.o
                                                  build/src/pdantler/pdlogger.o
